Component: Arm Compiler for Embedded 6.19 Tool: armlink [5e73cb00]

==============================================================================

Section Cross References

    startup_stm32g030xx.o(STACK) refers (Special) to heapauxi.o(.text) for __use_two_region_memory
    startup_stm32g030xx.o(HEAP) refers (Special) to heapauxi.o(.text) for __use_two_region_memory
    startup_stm32g030xx.o(RESET) refers (Special) to heapauxi.o(.text) for __use_two_region_memory
    startup_stm32g030xx.o(RESET) refers to startup_stm32g030xx.o(STACK) for __initial_sp
    startup_stm32g030xx.o(RESET) refers to startup_stm32g030xx.o(.text) for Reset_Handler
    startup_stm32g030xx.o(RESET) refers to stm32g0xx_it.o(.text.NMI_Handler) for NMI_Handler
    startup_stm32g030xx.o(RESET) refers to stm32g0xx_it.o(.text.HardFault_Handler) for HardFault_Handler
    startup_stm32g030xx.o(RESET) refers to stm32g0xx_it.o(.text.SVC_Handler) for SVC_Handler
    startup_stm32g030xx.o(RESET) refers to stm32g0xx_it.o(.text.PendSV_Handler) for PendSV_Handler
    startup_stm32g030xx.o(RESET) refers to stm32g0xx_it.o(.text.SysTick_Handler) for SysTick_Handler
    startup_stm32g030xx.o(RESET) refers to usart.o(.text.USART1_IRQHandler) for USART1_IRQHandler
    startup_stm32g030xx.o(RESET) refers to usart.o(.text.USART2_IRQHandler) for USART2_IRQHandler
    startup_stm32g030xx.o(.text) refers (Special) to heapauxi.o(.text) for __use_two_region_memory
    startup_stm32g030xx.o(.text) refers to system_stm32g0xx.o(.text.SystemInit) for SystemInit
    startup_stm32g030xx.o(.text) refers to __main.o(!!!main) for __main
    startup_stm32g030xx.o(.text) refers to startup_stm32g030xx.o(HEAP) for Heap_Mem
    startup_stm32g030xx.o(.text) refers to startup_stm32g030xx.o(STACK) for Stack_Mem
    main.o(.text.main) refers to stm32g0xx_hal.o(.text.HAL_Init) for HAL_Init
    main.o(.text.main) refers to sys.o(.text.sys_stm32_clock_init) for sys_stm32_clock_init
    main.o(.text.main) refers to delay.o(.text.delay_Init) for delay_Init
    main.o(.text.main) refers to usart.o(.text.uart_init) for uart_init
    main.o(.text.main) refers to led.o(.text.LED_Init) for LED_Init
    main.o(.text.main) refers to bt.o(.text.BT_Init) for BT_Init
    main.o(.text.main) refers to aircraftwar.o(.text.AW_Game_Init) for AW_Game_Init
    main.o(.text.main) refers to bt_dp.o(.text.BT_Get_DataPacket_Rx) for BT_Get_DataPacket_Rx
    main.o(.text.main) refers to bt_dp.o(.text.BT_DataPacket_Show_USART1) for BT_DataPacket_Show_USART1
    main.o(.text.main) refers to bt.o(.text.BT_DataPacket_Rx_Handle) for BT_DataPacket_Rx_Handle
    main.o(.text.main) refers to aircraftwar.o(.text.AW_Screen_Refresh) for AW_Screen_Refresh
    main.o(.text.main) refers to usart.o(.bss.USART2_RX_STA) for USART2_RX_STA
    main.o(.ARM.exidx.text.main) refers to main.o(.text.main) for [Anonymous Symbol]
    stm32g0xx_it.o(.ARM.exidx.text.NMI_Handler) refers to stm32g0xx_it.o(.text.NMI_Handler) for [Anonymous Symbol]
    stm32g0xx_it.o(.ARM.exidx.text.HardFault_Handler) refers to stm32g0xx_it.o(.text.HardFault_Handler) for [Anonymous Symbol]
    stm32g0xx_it.o(.ARM.exidx.text.SVC_Handler) refers to stm32g0xx_it.o(.text.SVC_Handler) for [Anonymous Symbol]
    stm32g0xx_it.o(.ARM.exidx.text.PendSV_Handler) refers to stm32g0xx_it.o(.text.PendSV_Handler) for [Anonymous Symbol]
    stm32g0xx_it.o(.text.SysTick_Handler) refers to stm32g0xx_hal.o(.text.HAL_IncTick) for HAL_IncTick
    stm32g0xx_it.o(.ARM.exidx.text.SysTick_Handler) refers to stm32g0xx_it.o(.text.SysTick_Handler) for [Anonymous Symbol]
    system_stm32g0xx.o(.ARM.exidx.text.SystemInit) refers to system_stm32g0xx.o(.text.SystemInit) for [Anonymous Symbol]
    system_stm32g0xx.o(.text.SystemCoreClockUpdate) refers to aeabi_sdiv.o(.text) for __aeabi_uidiv
    system_stm32g0xx.o(.text.SystemCoreClockUpdate) refers to system_stm32g0xx.o(.data.SystemCoreClock) for SystemCoreClock
    system_stm32g0xx.o(.text.SystemCoreClockUpdate) refers to system_stm32g0xx.o(.rodata.AHBPrescTable) for AHBPrescTable
    system_stm32g0xx.o(.ARM.exidx.text.SystemCoreClockUpdate) refers to system_stm32g0xx.o(.text.SystemCoreClockUpdate) for [Anonymous Symbol]
    stm32g0xx_hal_msp.o(.ARM.exidx.text.HAL_MspInit) refers to stm32g0xx_hal_msp.o(.text.HAL_MspInit) for [Anonymous Symbol]
    stm32g0xx_hal_msp.o(.ARM.exidx.text.HAL_MspDeInit) refers to stm32g0xx_hal_msp.o(.text.HAL_MspDeInit) for [Anonymous Symbol]
    stm32g0xx_hal_msp.o(.ARM.exidx.text.HAL_PPP_MspInit) refers to stm32g0xx_hal_msp.o(.text.HAL_PPP_MspInit) for [Anonymous Symbol]
    stm32g0xx_hal_msp.o(.ARM.exidx.text.HAL_PPP_MspDeInit) refers to stm32g0xx_hal_msp.o(.text.HAL_PPP_MspDeInit) for [Anonymous Symbol]
    stm32g0xx_hal.o(.text.HAL_Init) refers to stm32g0xx_hal.o(.text.HAL_InitTick) for HAL_InitTick
    stm32g0xx_hal.o(.text.HAL_Init) refers to stm32g0xx_hal_msp.o(.text.HAL_MspInit) for HAL_MspInit
[...]
    __arm_cp.8_7                             0x08003b5c   Number         4  usart.o(.text.HAL_UART_RxCpltCallback)
    __arm_cp.8_8                             0x08003b60   Number         4  usart.o(.text.HAL_UART_RxCpltCallback)
    __arm_cp.8_9                             0x08003b64   Number         4  usart.o(.text.HAL_UART_RxCpltCallback)
    __arm_cp.8_10                            0x08003b68   Number         4  usart.o(.text.HAL_UART_RxCpltCallback)
    __arm_cp.8_11                            0x08003b6c   Number         4  usart.o(.text.HAL_UART_RxCpltCallback)
    __arm_cp.8_12                            0x08003b70   Number         4  usart.o(.text.HAL_UART_RxCpltCallback)
    __arm_cp.8_13                            0x08003b74   Number         4  usart.o(.text.HAL_UART_RxCpltCallback)
    [Anonymous Symbol]                       0x08003b78   Section        0  stm32g0xx_hal_uart.o(.text.HAL_UART_TxCpltCallback)
    [Anonymous Symbol]                       0x08003b80   Section        0  stm32g0xx_it.o(.text.HardFault_Handler)
    [Anonymous Symbol]                       0x08003b84   Section        0  iic.o(.text.IIC2_Init)
    __arm_cp.0_0                             0x08003bd0   Number         4  iic.o(.text.IIC2_Init)
    IIC_Send_Byte                            0x08003bd5   Thumb Code   156  iic.o(.text.IIC_Send_Byte)
    [Anonymous Symbol]                       0x08003bd4   Section        0  iic.o(.text.IIC_Send_Byte)
    IIC_Start                                0x08003c71   Thumb Code    68  iic.o(.text.IIC_Start)
    [Anonymous Symbol]                       0x08003c70   Section        0  iic.o(.text.IIC_Start)
    IIC_Stop                                 0x08003cb5   Thumb Code    68  iic.o(.text.IIC_Stop)
    [Anonymous Symbol]                       0x08003cb4   Section        0  iic.o(.text.IIC_Stop)
    [Anonymous Symbol]                       0x08003cf8   Section        0  iic.o(.text.IIC_WR_Byte_Cmd)
    [Anonymous Symbol]                       0x08003d2e   Section        0  iic.o(.text.IIC_WR_Byte_Dat_Fast)
    IIC_Wait_Ack                             0x08003d7d   Thumb Code   128  iic.o(.text.IIC_Wait_Ack)
    [Anonymous Symbol]                       0x08003d7c   Section        0  iic.o(.text.IIC_Wait_Ack)
    __arm_cp.4_0                             0x08003dfc   Number         4  iic.o(.text.IIC_Wait_Ack)
    __arm_cp.4_1                             0x08003e00   Number         4  iic.o(.text.IIC_Wait_Ack)
    LED_GPIO_Config                          0x08003e05   Thumb Code    76  led.o(.text.LED_GPIO_Config)
    [Anonymous Symbol]                       0x08003e04   Section        0  led.o(.text.LED_GPIO_Config)
    __arm_cp.1_0                             0x08003e50   Number         4  led.o(.text.LED_GPIO_Config)
    [Anonymous Symbol]                       0x08003e54   Section        0  led.o(.text.LED_Init)
    __arm_cp.0_0                             0x08003e70   Number         4  led.o(.text.LED_Init)
    __arm_cp.0_1                             0x08003e74   Number         4  led.o(.text.LED_Init)
    LL_RCC_GetAPB1Prescaler                  0x08003e79   Thumb Code    12  stm32g0xx_hal_rcc.o(.text.LL_RCC_GetAPB1Prescaler)
    [Anonymous Symbol]                       0x08003e78   Section        0  stm32g0xx_hal_rcc.o(.text.LL_RCC_GetAPB1Prescaler)
    __arm_cp.7_0                             0x08003e84   Number         4  stm32g0xx_hal_rcc.o(.text.LL_RCC_GetAPB1Prescaler)
    [Anonymous Symbol]                       0x08003e88   Section        0  stm32g0xx_it.o(.text.NMI_Handler)
    [Anonymous Symbol]                       0x08003e8c   Section        0  oled.o(.text.OLED_Clear)
    [Anonymous Symbol]                       0x08003ee8   Section        0  oled.o(.text.OLED_DrawPoint)
    [Anonymous Symbol]                       0x08003f74   Section        0  oled.o(.text.OLED_Init)
    [Anonymous Symbol]                       0x08004018   Section        0  oled.o(.text.OLED_Refresh_Gram)
    __arm_cp.1_0                             0x08004038   Number         4  oled.o(.text.OLED_Refresh_Gram)
    [Anonymous Symbol]                       0x0800403c   Section        0  oled.o(.text.OLED_ShowBMP)
    OLED_WR_Byte_Cmd                         0x0800415b   Thumb Code    20  oled.o(.text.OLED_WR_Byte_Cmd)
    [Anonymous Symbol]                       0x0800415a   Section        0  oled.o(.text.OLED_WR_Byte_Cmd)
    OLED_WR_Byte_Dat_Fast                    0x0800416f   Thumb Code    28  oled.o(.text.OLED_WR_Byte_Dat_Fast)
    [Anonymous Symbol]                       0x0800416e   Section        0  oled.o(.text.OLED_WR_Byte_Dat_Fast)
    [Anonymous Symbol]                       0x0800418a   Section        0  stm32g0xx_it.o(.text.PendSV_Handler)
    [Anonymous Symbol]                       0x0800418c   Section        0  stm32g0xx_it.o(.text.SVC_Handler)
    SysTick_Config                           0x08004191   Thumb Code    68  stm32g0xx_hal_cortex.o(.text.SysTick_Config)
    [Anonymous Symbol]                       0x08004190   Section        0  stm32g0xx_hal_cortex.o(.text.SysTick_Config)
    __arm_cp.9_0                             0x080041d4   Number         4  stm32g0xx_hal_cortex.o(.text.SysTick_Config)
    __arm_cp.9_1                             0x080041d8   Number         4  stm32g0xx_hal_cortex.o(.text.SysTick_Config)
    __arm_cp.9_2                             0x080041dc   Number         4  stm32g0xx_hal_cortex.o(.text.SysTick_Config)
    [Anonymous Symbol]                       0x080041e0   Section        0  stm32g0xx_it.o(.text.SysTick_Handler)
    [Anonymous Symbol]                       0x080041e8   Section        0  system_stm32g0xx.o(.text.SystemInit)
    [Anonymous Symbol]                       0x080041ea   Section        0  stm32g0xx_hal_uart.o(.text.UART_AdvFeatureConfig)
    [Anonymous Symbol]                       0x08004344   Section        0  stm32g0xx_hal_uart.o(.text.UART_CheckIdleState)
    __arm_cp.4_0                             0x080043e8   Number         4  stm32g0xx_hal_uart.o(.text.UART_CheckIdleState)
    UART_DMAAbortOnError                     0x080043ed   Thumb Code    36  stm32g0xx_hal_uart.o(.text.UART_DMAAbortOnError)
    [Anonymous Symbol]                       0x080043ec   Section        0  stm32g0xx_hal_uart.o(.text.UART_DMAAbortOnError)
    UART_EndRxTransfer                       0x08004411   Thumb Code   180  stm32g0xx_hal_uart.o(.text.UART_EndRxTransfer)
    [Anonymous Symbol]                       0x08004410   Section        0  stm32g0xx_hal_uart.o(.text.UART_EndRxTransfer)
    __arm_cp.30_0                            0x080044c4   Number         4  stm32g0xx_hal_uart.o(.text.UART_EndRxTransfer)
    UART_EndTransmit_IT                      0x080044c9   Thumb Code    76  stm32g0xx_hal_uart.o(.text.UART_EndTransmit_IT)
    [Anonymous Symbol]                       0x080044c8   Section        0  stm32g0xx_hal_uart.o(.text.UART_EndTransmit_IT)
    UART_RxISR_16BIT                         0x08004515   Thumb Code   320  stm32g0xx_hal_uart.o(.text.UART_RxISR_16BIT)
    [Anonymous Symbol]                       0x08004514   Section        0  stm32g0xx_hal_uart.o(.text.UART_RxISR_16BIT)
    UART_RxISR_16BIT_FIFOEN                  0x08004655   Thumb Code   720  stm32g0xx_hal_uart.o(.text.UART_RxISR_16BIT_FIFOEN)
    [Anonymous Symbol]                       0x08004654   Section        0  stm32g0xx_hal_uart.o(.text.UART_RxISR_16BIT_FIFOEN)
    __arm_cp.64_0                            0x08004924   Number         4  stm32g0xx_hal_uart.o(.text.UART_RxISR_16BIT_FIFOEN)
    __arm_cp.64_1                            0x08004928   Number         4  stm32g0xx_hal_uart.o(.text.UART_RxISR_16BIT_FIFOEN)
    UART_RxISR_8BIT                          0x0800492d   Thumb Code   316  stm32g0xx_hal_uart.o(.text.UART_RxISR_8BIT)
    [Anonymous Symbol]                       0x0800492c   Section        0  stm32g0xx_hal_uart.o(.text.UART_RxISR_8BIT)
    UART_RxISR_8BIT_FIFOEN                   0x08004a69   Thumb Code   716  stm32g0xx_hal_uart.o(.text.UART_RxISR_8BIT_FIFOEN)
    [Anonymous Symbol]                       0x08004a68   Section        0  stm32g0xx_hal_uart.o(.text.UART_RxISR_8BIT_FIFOEN)
    __arm_cp.65_0                            0x08004d34   Number         4  stm32g0xx_hal_uart.o(.text.UART_RxISR_8BIT_FIFOEN)
    __arm_cp.65_1                            0x08004d38   Number         4  stm32g0xx_hal_uart.o(.text.UART_RxISR_8BIT_FIFOEN)
    [Anonymous Symbol]                       0x08004d3c   Section        0  stm32g0xx_hal_uart.o(.text.UART_SetConfig)
    __arm_cp.2_0                             0x08004ff0   Number         4  stm32g0xx_hal_uart.o(.text.UART_SetConfig)
    __arm_cp.2_1                             0x08004ff4   Number         4  stm32g0xx_hal_uart.o(.text.UART_SetConfig)
    __arm_cp.2_2                             0x08004ff8   Number         4  stm32g0xx_hal_uart.o(.text.UART_SetConfig)
    __arm_cp.2_3                             0x08004ffc   Number         4  stm32g0xx_hal_uart.o(.text.UART_SetConfig)
    __arm_cp.2_4                             0x08005000   Number         4  stm32g0xx_hal_uart.o(.text.UART_SetConfig)
    __arm_cp.2_5                             0x08005004   Number         4  stm32g0xx_hal_uart.o(.text.UART_SetConfig)
    __arm_cp.2_6                             0x08005008   Number         4  stm32g0xx_hal_uart.o(.text.UART_SetConfig)
    [Anonymous Symbol]                       0x0800500c   Section        0  stm32g0xx_hal_uart.o(.text.UART_Start_Receive_IT)
    __arm_cp.19_0                            0x08005224   Number         4  stm32g0xx_hal_uart.o(.text.UART_Start_Receive_IT)
    __arm_cp.19_1                            0x08005228   Number         4  stm32g0xx_hal_uart.o(.text.UART_Start_Receive_IT)
    __arm_cp.19_2                            0x0800522c   Number         4  stm32g0xx_hal_uart.o(.text.UART_Start_Receive_IT)
    __arm_cp.19_3                            0x08005230   Number         4  stm32g0xx_hal_uart.o(.text.UART_Start_Receive_IT)
    __arm_cp.19_4                            0x08005234   Number         4  stm32g0xx_hal_uart.o(.text.UART_Start_Receive_IT)
    [Anonymous Symbol]                       0x08005238   Section        0  stm32g0xx_hal_uart.o(.text.UART_WaitOnFlagUntilTimeout)
    [Anonymous Symbol]                       0x080053cc   Section        0  usart.o(.text.USART1_IRQHandler)
    [Anonymous Symbol]                       0x08005434   Section        0  usart.o(.text.USART2_IRQHandler)
    __NVIC_EnableIRQ                         0x0800549d   Thumb Code    40  stm32g0xx_hal_cortex.o(.text.__NVIC_EnableIRQ)
    [Anonymous Symbol]                       0x0800549c   Section        0  stm32g0xx_hal_cortex.o(.text.__NVIC_EnableIRQ)
    __arm_cp.3_0                             0x080054c4   Number         4  stm32g0xx_hal_cortex.o(.text.__NVIC_EnableIRQ)
    __NVIC_SetPriority                       0x080054c9   Thumb Code   124  stm32g0xx_hal_cortex.o(.text.__NVIC_SetPriority)
    [Anonymous Symbol]                       0x080054c8   Section        0  stm32g0xx_hal_cortex.o(.text.__NVIC_SetPriority)
    __arm_cp.1_0                             0x08005544   Number         4  stm32g0xx_hal_cortex.o(.text.__NVIC_SetPriority)
    __arm_cp.1_1                             0x08005548   Number         4  stm32g0xx_hal_cortex.o(.text.__NVIC_SetPriority)
    [Anonymous Symbol]                       0x0800554c   Section        0  usart.o(.text._sys_exit)
    [Anonymous Symbol]                       0x08005554   Section        0  delay.o(.text.delay_Init)
    __arm_cp.2_0                             0x08005574   Number         4  delay.o(.text.delay_Init)
    [Anonymous Symbol]                       0x08005578   Section        0  usart.o(.text.fputc)
    __arm_cp.3_0                             0x0800559c   Number         4  usart.o(.text.fputc)
    __arm_cp.3_1                             0x080055a0   Number         4  usart.o(.text.fputc)
    [Anonymous Symbol]                       0x080055a4   Section        0  main.o(.text.main)
    __arm_cp.0_0                             0x080055f8   Number         4  main.o(.text.main)
    [Anonymous Symbol]                       0x080055fc   Section        0  sys.o(.text.sys_stm32_clock_init)
    [Anonymous Symbol]                       0x08005668   Section        0  usart.o(.text.uart2_init)
    __arm_cp.6_0                             0x080056bc   Number         4  usart.o(.text.uart2_init)
    __arm_cp.6_1                             0x080056c0   Number         4  usart.o(.text.uart2_init)
    __arm_cp.6_2                             0x080056c4   Number         4  usart.o(.text.uart2_init)
    __arm_cp.6_5                             0x080056c8   Number         4  usart.o(.text.uart2_init)
    [Anonymous Symbol]                       0x080056cc   Section        0  usart.o(.text.uart_init)
    __arm_cp.4_0                             0x08005720   Number         4  usart.o(.text.uart_init)
    __arm_cp.4_1                             0x08005724   Number         4  usart.o(.text.uart_init)
    __arm_cp.4_2                             0x08005728   Number         4  usart.o(.text.uart_init)
    __arm_cp.4_3                             0x0800572c   Number         4  usart.o(.text.uart_init)
    __arm_cp.4_4                             0x08005730   Number         4  usart.o(.text.uart_init)
    __arm_cp.4_5                             0x08005734   Number         4  usart.o(.text.uart_init)
    i.__ARM_common_ll_muluu                  0x08005738   Section        0  btod.o(i.__ARM_common_ll_muluu)
    i.__ARM_fpclassify                       0x08005768   Section        0  fpclassify.o(i.__ARM_fpclassify)
    i._is_digit                              0x08005794   Section        0  __printf_wp.o(i._is_digit)
    locale$$code                             0x080057a4   Section       44  lc_numeric_c.o(locale$$code)
    locale$$code                             0x080057d0   Section       44  lc_ctype_c.o(locale$$code)
    x$fpl$printf1                            0x080057fc   Section       16  printf1.o(x$fpl$printf1)
    x$fpl$printf2                            0x0800580c   Section       16  printf2.o(x$fpl$printf2)
    initial_mbstate                          0x0800581c   Data           8  _printf_wctomb.o(.constdata)
    .constdata                               0x0800581c   Section        8  _printf_wctomb.o(.constdata)
    x$fpl$usenofp                            0x0800581c   Section        0  usenofp.o(x$fpl$usenofp)
    uc_hextab                                0x08005824   Data          20  _printf_hex_int_ll_ptr.o(.constdata)
    .constdata                               0x08005824   Section       40  _printf_hex_int_ll_ptr.o(.constdata)
    lc_hextab                                0x08005838   Data          20  _printf_hex_int_ll_ptr.o(.constdata)
    maptable                                 0x0800584c   Data          17  __printf_flags_ss_wp.o(.constdata)
    .constdata                               0x0800584c   Section       17  __printf_flags_ss_wp.o(.constdata)
    lc_hextab                                0x0800585d   Data          19  _printf_fp_hex.o(.constdata)
    .constdata                               0x0800585d   Section       38  _printf_fp_hex.o(.constdata)
    uc_hextab                                0x08005870   Data          19  _printf_fp_hex.o(.constdata)
    tenpwrs_x                                0x08005884   Data          60  bigflt0.o(.constdata)
    .constdata                               0x08005884   Section      148  bigflt0.o(.constdata)
    tenpwrs_i                                0x080058c0   Data          64  bigflt0.o(.constdata)
    [Anonymous Symbol]                       0x08005d97   Section        0  usart.o(.rodata.str1.1)
    [Anonymous Symbol]                       0x08005e57   Section        0  bt.o(.rodata.str1.1)
    [Anonymous Symbol]                       0x08005ea5   Section        0  bt_dp.o(.rodata.str1.1)
    [Anonymous Symbol]                       0x08005f1e   Section        0  bt_event.o(.rodata.str1.1)
    locale$$data                             0x08005f80   Section       28  lc_numeric_c.o(locale$$data)
    __lcnum_c_name                           0x08005f84   Data           2  lc_numeric_c.o(locale$$data)
    __lcnum_c_start                          0x08005f8c   Data           0  lc_numeric_c.o(locale$$data)
    __lcnum_c_point                          0x08005f98   Data           0  lc_numeric_c.o(locale$$data)
    __lcnum_c_thousands                      0x08005f9a   Data           0  lc_numeric_c.o(locale$$data)
    __lcnum_c_grouping                       0x08005f9b   Data           0  lc_numeric_c.o(locale$$data)
    __lcnum_c_end                            0x08005f9c   Data           0  lc_numeric_c.o(locale$$data)
    locale$$data                             0x08005f9c   Section      272  lc_ctype_c.o(locale$$data)
    __lcctype_c_name                         0x08005fa0   Data           2  lc_ctype_c.o(locale$$data)
    __lcctype_c_start                        0x08005fa8   Data           0  lc_ctype_c.o(locale$$data)
    __lcctype_c_end                          0x080060ac   Data           0  lc_ctype_c.o(locale$$data)
    BT_StateTable                            0x20000004   Data          56  bt.o(.data.BT_StateTable)
    [Anonymous Symbol]                       0x20000004   Section        0  bt.o(.data.BT_StateTable)
    .bss                                     0x20000048   Section       96  libspace.o(.bss)
    BT_DataPacket_Rx_Decode.event            0x200000b4   Data           7  bt.o(.bss.BT_DataPacket_Rx_Decode.event)
    [Anonymous Symbol]                       0x200000b4   Section        0  bt.o(.bss.BT_DataPacket_Rx_Decode.event)
    HAL_UART_RxCpltCallback.car_DataPacket_Rx_Flag 0x200000bb   Data           1  usart.o(.bss.HAL_UART_RxCpltCallback.car_DataPacket_Rx_Flag)
    [Anonymous Symbol]                       0x200000bb   Section        0  usart.o(.bss.HAL_UART_RxCpltCallback.car_DataPacket_Rx_Flag)
    HAL_UART_RxCpltCallback.errTimes         0x200000bc   Data           1  usart.o(.bss.HAL_UART_RxCpltCallback.errTimes)
    [Anonymous Symbol]                       0x200000bc   Section        0  usart.o(.bss.HAL_UART_RxCpltCallback.errTimes)
    fac_us                                   0x200007d4   Data           4  delay.o(.bss.fac_us)
    [Anonymous Symbol]                       0x200007d4   Section        0  delay.o(.bss.fac_us)
    player                                   0x200007d8   Data          28  aw_player.o(.bss.player)
    [Anonymous Symbol]                       0x200007d8   Section        0  aw_player.o(.bss.player)
    Heap_Mem                                 0x200007f8   Data         512  startup_stm32g030xx.o(HEAP)
    HEAP                                     0x200007f8   Section      512  startup_stm32g030xx.o(HEAP)
    Stack_Mem                                0x200009f8   Data        1024  startup_stm32g030xx.o(STACK)
    STACK                                    0x200009f8   Section     1024  startup_stm32g030xx.o(STACK)
    __initial_sp                             0x20000df8   Data           0  startup_stm32g030xx.o(STACK)

    Global Symbols

    Symbol Name                              Value     Ov Type        Size  Object(Section)

    BuildAttributes$$THM_ISAv3M$S$PE$A:L22$X:L11$S22$IEEE1$IW$~IW$USESV6$~STKCKD$USESV7$~SHL$OTIME$ROPI$IEEEJ$EBA8$UX$STANDARDLIB$REQ8$PRES8$EABIv2 0x00000000   Number         0  anon$$obj.o ABSOLUTE
    _printf_flags                            0x00000000   Number         0  printf_stubs.o ABSOLUTE
    _printf_return_value                     0x00000000   Number         0  printf_stubs.o ABSOLUTE
    _printf_sizespec                         0x00000000   Number         0  printf_stubs.o ABSOLUTE
    _printf_widthprec                        0x00000000   Number         0  printf_stubs.o ABSOLUTE
    __ARM_exceptions_init                     - Undefined Weak Reference
    __alloca_initialize                       - Undefined Weak Reference
    __arm_preinit_                            - Undefined Weak Reference
    __arm_relocate_pie_                       - Undefined Weak Reference
    __cpp_initialize__aeabi_                  - Undefined Weak Reference
    __cxa_finalize                            - Undefined Weak Reference
    __sigvec_lookup                           - Undefined Weak Reference
    _atexit_init                              - Undefined Weak Reference
    _call_atexit_fns                          - Undefined Weak Reference
    _clock_init                               - Undefined Weak Reference
    _fp_trap_init                             - Undefined Weak Reference
    _fp_trap_shutdown                         - Undefined Weak Reference
    _get_lc_collate                           - Undefined Weak Reference
    _get_lc_monetary                          - Undefined Weak Reference
    _get_lc_time                              - Undefined Weak Reference
    _getenv_init                              - Undefined Weak Reference
    _handle_redirection                       - Undefined Weak Reference
    _init_alloc                               - Undefined Weak Reference
    _init_user_alloc                          - Undefined Weak Reference
    _initio                                   - Undefined Weak Reference
    _mutex_acquire                            - Undefined Weak Reference
    _mutex_release                            - Undefined Weak Reference
    _printf_mbtowc                            - Undefined Weak Reference
    _printf_wc                                - Undefined Weak Reference
    _rand_init                                - Undefined Weak Reference
    _signal_finish                            - Undefined Weak Reference
    _signal_init                              - Undefined Weak Reference
    _terminate_alloc                          - Undefined Weak Reference
    _terminate_user_alloc                     - Undefined Weak Reference
    _terminateio                              - Undefined Weak Reference
    __Vectors_Size                           0x000000c0   Number         0  startup_stm32g030xx.o ABSOLUTE
    __Vectors                                0x08000000   Data           4  startup_stm32g030xx.o(RESET)
    __Vectors_End                            0x080000c0   Data           0  startup_stm32g030xx.o(RESET)
    __main                                   0x080000c1   Thumb Code     8  __main.o(!!!main)
    __scatterload                            0x080000c9   Thumb Code     0  __scatter.o(!!!scatter)
    __scatterload_rt2                        0x080000c9   Thumb Code    52  __scatter.o(!!!scatter)
    __scatterload_rt2_thumb_only             0x080000c9   Thumb Code     0  __scatter.o(!!!scatter)
    __scatterload_null                       0x080000d9   Thumb Code     0  __scatter.o(!!!scatter)
    __scatterload_copy                       0x08000105   Thumb Code    26  __scatter_copy.o(!!handler_copy)
    __scatterload_zeroinit                   0x08000121   Thumb Code    28  __scatter_zi.o(!!handler_zi)
    _printf_percent                          0x0800013d   Thumb Code     0  _printf_percent.o(.ARM.Collect$$_printf_percent$$00000000)
    _printf_n                                0x0800013f   Thumb Code     0  _printf_n.o(.ARM.Collect$$_printf_percent$$00000001)
    _printf_p                                0x08000149   Thumb Code     0  _printf_p.o(.ARM.Collect$$_printf_percent$$00000002)
    _printf_f                                0x08000153   Thumb Code     0  _printf_f.o(.ARM.Collect$$_printf_percent$$00000003)
    _printf_e                                0x0800015d   Thumb Code     0  _printf_e.o(.ARM.Collect$$_printf_percent$$00000004)
    _printf_g                                0x08000167   Thumb Code     0  _printf_g.o(.ARM.Collect$$_printf_percent$$00000005)
    _printf_a                                0x08000171   Thumb Code     0  _printf_a.o(.ARM.Collect$$_printf_percent$$00000006)
    _printf_ll                               0x0800017b   Thumb Code     0  _printf_ll.o(.ARM.Collect$$_printf_percent$$00000007)
    _printf_i                                0x08000185   Thumb Code     0  _printf_i.o(.ARM.Collect$$_printf_percent$$00000008)
    _printf_d                                0x0800018f   Thumb Code     0  _printf_d.o(.ARM.Collect$$_printf_percent$$00000009)
    _printf_u                                0x08000199   Thumb Code     0  _printf_u.o(.ARM.Collect$$_printf_percent$$0000000A)
    _printf_o                                0x080001a3   Thumb Code     0  _printf_o.o(.ARM.Collect$$_printf_percent$$0000000B)
    _printf_x                                0x080001ad   Thumb Code     0  _printf_x.o(.ARM.Collect$$_printf_percent$$0000000C)
    _printf_lli                              0x080001b7   Thumb Code     0  _printf_lli.o(.ARM.Collect$$_printf_percent$$0000000D)
    _printf_lld                              0x080001c1   Thumb Code     0  _printf_lld.o(.ARM.Collect$$_printf_percent$$0000000E)
    _printf_llu                              0x080001cb   Thumb Code     0  _printf_llu.o(.ARM.Collect$$_printf_percent$$0000000F)
    _printf_llo                              0x080001d5   Thumb Code     0  _printf_llo.o(.ARM.Collect$$_printf_percent$$00000010)
    _printf_llx                              0x080001df   Thumb Code     0  _printf_llx.o(.ARM.Collect$$_printf_percent$$00000011)
    _printf_l                                0x080001e9   Thumb Code     0  _printf_l.o(.ARM.Collect$$_printf_percent$$00000012)
    _printf_c                                0x080001f3   Thumb Code     0  _printf_c.o(.ARM.Collect$$_printf_percent$$00000013)
    _printf_s                                0x080001fd   Thumb Code     0  _printf_s.o(.ARM.Collect$$_printf_percent$$00000014)
    _printf_lc                               0x08000207   Thumb Code     0  _printf_lc.o(.ARM.Collect$$_printf_percent$$00000015)
    _printf_ls                               0x08000211   Thumb Code     0  _printf_ls.o(.ARM.Collect$$_printf_percent$$00000016)
    _printf_percent_end                      0x0800021b   Thumb Code     0  _printf_percent_end.o(.ARM.Collect$$_printf_percent$$00000017)
    __rt_lib_init                            0x0800021f   Thumb Code     0  libinit.o(.ARM.Collect$$libinit$$00000000)
    __rt_lib_init_fp_1                       0x08000221   Thumb Code     0  libinit2.o(.ARM.Collect$$libinit$$00000002)
    __rt_lib_init_heap_1                     0x08000221   Thumb Code     0  libinit2.o(.ARM.Collect$$libinit$$0000000C)
    __rt_lib_init_lc_common                  0x08000221   Thumb Code     0  libinit2.o(.ARM.Collect$$libinit$$00000011)
    __rt_lib_init_preinit_1                  0x08000221   Thumb Code     0  libinit2.o(.ARM.Collect$$libinit$$00000006)
    __rt_lib_init_rand_1                     0x08000221   Thumb Code     0  libinit2.o(.ARM.Collect$$libinit$$00000010)
    __rt_lib_init_relocate_pie_1             0x08000221   Thumb Code     0  libinit2.o(.ARM.Collect$$libinit$$00000004)
    __rt_lib_init_user_alloc_1               0x08000221   Thumb Code     0  libinit2.o(.ARM.Collect$$libinit$$0000000E)
    __rt_lib_init_lc_collate_1               0x08000227   Thumb Code     0  libinit2.o(.ARM.Collect$$libinit$$00000013)
    __rt_lib_init_lc_ctype_2                 0x08000227   Thumb Code     0  libinit2.o(.ARM.Collect$$libinit$$00000014)
    __rt_lib_init_lc_ctype_1                 0x08000233   Thumb Code     0  libinit2.o(.ARM.Collect$$libinit$$00000015)
    __rt_lib_init_lc_monetary_1              0x08000233   Thumb Code     0  libinit2.o(.ARM.Collect$$libinit$$00000017)
    __rt_lib_init_lc_numeric_2               0x08000233   Thumb Code     0  libinit2.o(.ARM.Collect$$libinit$$00000018)
    __rt_lib_init_alloca_1                   0x0800023d   Thumb Code     0  libinit2.o(.ARM.Collect$$libinit$$00000030)
    __rt_lib_init_argv_1                     0x0800023d   Thumb Code     0  libinit2.o(.ARM.Collect$$libinit$$0000002E)
    __rt_lib_init_atexit_1                   0x0800023d   Thumb Code     0  libinit2.o(.ARM.Collect$$libinit$$0000001D)
    __rt_lib_init_clock_1                    0x0800023d   Thumb Code     0  libinit2.o(.ARM.Collect$$libinit$$00000023)
    __rt_lib_init_cpp_1                      0x0800023d   Thumb Code     0  libinit2.o(.ARM.Collect$$libinit$$00000034)
    __rt_lib_init_exceptions_1               0x0800023d   Thumb Code     0  libinit2.o(.ARM.Collect$$libinit$$00000032)
    __rt_lib_init_fp_trap_1                  0x0800023d   Thumb Code     0  libinit2.o(.ARM.Collect$$libinit$$00000021)
    __rt_lib_init_getenv_1                   0x0800023d   Thumb Code     0  libinit2.o(.ARM.Collect$$libinit$$00000025)
    __rt_lib_init_lc_numeric_1               0x0800023d   Thumb Code     0  libinit2.o(.ARM.Collect$$libinit$$00000019)
    __rt_lib_init_lc_time_1                  0x0800023d   Thumb Code     0  libinit2.o(.ARM.Collect$$libinit$$0000001B)
    __rt_lib_init_return                     0x0800023d   Thumb Code     0  libinit2.o(.ARM.Collect$$libinit$$00000035)
    __rt_lib_init_signal_1                   0x0800023d   Thumb Code     0  libinit2.o(.ARM.Collect$$libinit$$0000001F)
    __rt_lib_init_stdio_1                    0x0800023d   Thumb Code     0  libinit2.o(.ARM.Collect$$libinit$$00000027)
    __rt_lib_shutdown                        0x0800023f   Thumb Code     0  libshutdown.o(.ARM.Collect$$libshutdown$$00000000)
    __rt_lib_shutdown_cpp_1                  0x08000241   Thumb Code     0  libshutdown2.o(.ARM.Collect$$libshutdown$$00000002)
    __rt_lib_shutdown_fp_trap_1              0x08000241   Thumb Code     0  libshutdown2.o(.ARM.Collect$$libshutdown$$00000007)
    __rt_lib_shutdown_heap_1                 0x08000241   Thumb Code     0  libshutdown2.o(.ARM.Collect$$libshutdown$$0000000F)
    __rt_lib_shutdown_return                 0x08000241   Thumb Code     0  libshutdown2.o(.ARM.Collect$$libshutdown$$00000010)
    __rt_lib_shutdown_signal_1               0x08000241   Thumb Code     0  libshutdown2.o(.ARM.Collect$$libshutdown$$0000000A)
    __rt_lib_shutdown_stdio_1                0x08000241   Thumb Code     0  libshutdown2.o(.ARM.Collect$$libshutdown$$00000004)
    __rt_lib_shutdown_user_alloc_1           0x08000241   Thumb Code     0  libshutdown2.o(.ARM.Collect$$libshutdown$$0000000C)
    __rt_entry                               0x08000243   Thumb Code     0  __rtentry.o(.ARM.Collect$$rtentry$$00000000)
    __rt_entry_presh_1                       0x08000243   Thumb Code     0  __rtentry2.o(.ARM.Collect$$rtentry$$00000002)
    __rt_entry_sh                            0x08000243   Thumb Code     0  __rtentry4.o(.ARM.Collect$$rtentry$$00000004)
    __rt_entry_li                            0x08000249   Thumb Code     0  __rtentry2.o(.ARM.Collect$$rtentry$$0000000A)
    __rt_entry_postsh_1                      0x08000249   Thumb Code     0  __rtentry2.o(.ARM.Collect$$rtentry$$00000009)
    __rt_entry_main                          0x0800024d   Thumb Code     0  __rtentry2.o(.ARM.Collect$$rtentry$$0000000D)
    __rt_entry_postli_1                      0x0800024d   Thumb Code     0  __rtentry2.o(.ARM.Collect$$rtentry$$0000000C)
    __rt_exit                                0x08000255   Thumb Code     0  rtexit.o(.ARM.Collect$$rtexit$$00000000)
    __rt_exit_ls                             0x08000257   Thumb Code     0  rtexit2.o(.ARM.Collect$$rtexit$$00000003)
    __rt_exit_prels_1                        0x08000257   Thumb Code     0  rtexit2.o(.ARM.Collect$$rtexit$$00000002)
    __rt_exit_exit                           0x0800025b   Thumb Code     0  rtexit2.o(.ARM.Collect$$rtexit$$00000004)
    Reset_Handler                            0x08000261   Thumb Code     8  startup_stm32g030xx.o(.text)
    ADC1_IRQHandler                          0x08000273   Thumb Code     0  startup_stm32g030xx.o(.text)
    DMA1_Ch4_5_DMAMUX1_OVR_IRQHandler        0x08000273   Thumb Code     0  startup_stm32g030xx.o(.text)
    DMA1_Channel1_IRQHandler                 0x08000273   Thumb Code     0  startup_stm32g030xx.o(.text)
    DMA1_Channel2_3_IRQHandler               0x08000273   Thumb Code     0  startup_stm32g030xx.o(.text)
    EXTI0_1_IRQHandler                       0x08000273   Thumb Code     0  startup_stm32g030xx.o(.text)
    EXTI2_3_IRQHandler                       0x08000273   Thumb Code     0  startup_stm32g030xx.o(.text)
    EXTI4_15_IRQHandler                      0x08000273   Thumb Code     0  startup_stm32g030xx.o(.text)
    FLASH_IRQHandler                         0x08000273   Thumb Code     0  startup_stm32g030xx.o(.text)
    I2C1_IRQHandler                          0x08000273   Thumb Code     0  startup_stm32g030xx.o(.text)
    I2C2_IRQHandler                          0x08000273   Thumb Code     0  startup_stm32g030xx.o(.text)
    RCC_IRQHandler                           0x08000273   Thumb Code     0  startup_stm32g030xx.o(.text)
    RTC_TAMP_IRQHandler                      0x08000273   Thumb Code     0  startup_stm32g030xx.o(.text)
    SPI1_IRQHandler                          0x08000273   Thumb Code     0  startup_stm32g030xx.o(.text)
    SPI2_IRQHandler                          0x08000273   Thumb Code     0  startup_stm32g030xx.o(.text)
    TIM14_IRQHandler                         0x08000273   Thumb Code     0  startup_stm32g030xx.o(.text)
    TIM16_IRQHandler                         0x08000273   Thumb Code     0  startup_stm32g030xx.o(.text)
    TIM17_IRQHandler                         0x08000273   Thumb Code     0  startup_stm32g030xx.o(.text)
    TIM1_BRK_UP_TRG_COM_IRQHandler           0x08000273   Thumb Code     0  startup_stm32g030xx.o(.text)
    TIM1_CC_IRQHandler                       0x08000273   Thumb Code     0  startup_stm32g030xx.o(.text)
    TIM3_IRQHandler                          0x08000273   Thumb Code     0  startup_stm32g030xx.o(.text)
    WWDG_IRQHandler                          0x08000273   Thumb Code     0  startup_stm32g030xx.o(.text)
    __user_initial_stackheap                 0x08000275   Thumb Code     0  startup_stm32g030xx.o(.text)
    __use_no_semihosting                     0x08000299   Thumb Code     2  use_no_semi_2.o(.text)
    printf                                   0x0800029d   Thumb Code    22  printf.o(.text)
    _memset_w                                0x080002b9   Thumb Code    26  rt_memclr.o(.text)
    _memset                                  0x080002d3   Thumb Code    30  rt_memclr.o(.text)
    __aeabi_memclr                           0x080002f1   Thumb Code     4  rt_memclr.o(.text)
    __rt_memclr                              0x080002f1   Thumb Code     0  rt_memclr.o(.text)
    __aeabi_memclr4                          0x080002f5   Thumb Code     0  rt_memclr.o(.text)
    __aeabi_memclr8                          0x080002f5   Thumb Code     0  rt_memclr.o(.text)
    __rt_memclr_w                            0x080002f5   Thumb Code     4  rt_memclr.o(.text)
    __aeabi_uidiv                            0x080002f9   Thumb Code     0  aeabi_sdiv.o(.text)
    __aeabi_uidivmod                         0x080002f9   Thumb Code    20  aeabi_sdiv.o(.text)
    __aeabi_idiv                             0x0800030d   Thumb Code     0  aeabi_sdiv.o(.text)
    __aeabi_idivmod                          0x0800030d   Thumb Code   338  aeabi_sdiv.o(.text)
    __use_two_region_memory                  0x08000465   Thumb Code     2  heapauxi.o(.text)
    __rt_heap_escrow$2region                 0x08000467   Thumb Code     2  heapauxi.o(.text)
    __rt_heap_expand$2region                 0x08000469   Thumb Code     2  heapauxi.o(.text)
    __semihosting$guard                      0x0800046b   Thumb Code     0  use_no_semi.o(.text)
    __use_no_semihosting_swi                 0x0800046b   Thumb Code     2  use_no_semi.o(.text)
    _printf_pre_padding                      0x0800046d   Thumb Code    44  _printf_pad.o(.text)
    _printf_post_padding                     0x08000499   Thumb Code    34  _printf_pad.o(.text)
    _printf_truncate_signed                  0x080004bb   Thumb Code    18  _printf_truncate.o(.text)
    _printf_truncate_unsigned                0x080004cd   Thumb Code    18  _printf_truncate.o(.text)
    _printf_str                              0x080004df   Thumb Code    82  _printf_str.o(.text)
    _printf_int_dec                          0x08000531   Thumb Code    90  _printf_dec.o(.text)
    _printf_charcount                        0x0800059d   Thumb Code    38  _printf_charcount.o(.text)
    _printf_char_file                        0x080005c5   Thumb Code    34  _printf_char_file.o(.text)
    _printf_wctomb                           0x080005ed   Thumb Code   182  _printf_wctomb.o(.text)
    _printf_longlong_dec                     0x080006a9   Thumb Code    94  _printf_longlong_dec.o(.text)
    _printf_longlong_oct                     0x08000719   Thumb Code    68  _printf_oct_int_ll.o(.text)
    _printf_int_oct                          0x0800075d   Thumb Code    24  _printf_oct_int_ll.o(.text)
    _printf_ll_oct                           0x08000775   Thumb Code    10  _printf_oct_int_ll.o(.text)
    _printf_longlong_hex                     0x08000789   Thumb Code    88  _printf_hex_int_ll_ptr.o(.text)
    _printf_int_hex                          0x080007e1   Thumb Code    28  _printf_hex_int_ll_ptr.o(.text)
    _printf_ll_hex                           0x080007fd   Thumb Code    10  _printf_hex_int_ll_ptr.o(.text)
    _printf_hex_ptr                          0x08000807   Thumb Code    22  _printf_hex_int_ll_ptr.o(.text)
    __printf                                 0x08000821   Thumb Code   386  __printf_flags_ss_wp.o(.text)
    _ll_udiv10                               0x080009a9   Thumb Code   122  lludiv10.o(.text)
    _printf_int_common                       0x08000a23   Thumb Code   176  _printf_intcommon.o(.text)
    _printf_fp_dec_real                      0x08000c71   Thumb Code   620  _printf_fp_dec.o(.text)
    _printf_fp_hex_real                      0x08000ee9   Thumb Code   718  _printf_fp_hex.o(.text)
    _printf_char_common                      0x080011cb   Thumb Code    32  _printf_char_common.o(.text)
    _printf_cs_common                        0x080011f1   Thumb Code    22  _printf_char.o(.text)
    _printf_char                             0x08001207   Thumb Code    16  _printf_char.o(.text)
    _printf_string                           0x08001217   Thumb Code     8  _printf_char.o(.text)
    _printf_lcs_common                       0x0800121f   Thumb Code    22  _printf_wchar.o(.text)
    _printf_wchar                            0x08001235   Thumb Code    16  _printf_wchar.o(.text)
    _printf_wstring                          0x08001245   Thumb Code     8  _printf_wchar.o(.text)
    ferror                                   0x0800124d   Thumb Code     8  ferror.o(.text)
    _c16rtomb                                0x08001255   Thumb Code    66  _c16rtomb.o(.text)
    _wcrtomb                                 0x08001255   Thumb Code     0  _c16rtomb.o(.text)
    __rt_udiv10                              0x08001297   Thumb Code    40  rtudiv10.o(.text)
    __user_setup_stackheap                   0x080012bf   Thumb Code    62  sys_stackheap_outer.o(.text)
    __rt_ctype_table                         0x080012fd   Thumb Code    16  rt_ctype_table.o(.text)
    __rt_locale                              0x0800130d   Thumb Code     8  rt_locale_intlibspace.o(.text)
    _printf_fp_infnan                        0x08001315   Thumb Code   120  _printf_fp_infnan.o(.text)
    _btod_etento                             0x0800139d   Thumb Code   210  bigflt0.o(.text)
    _btod_d2e                                0x08001475   Thumb Code    64  btod.o(.text)
    _btod_emul                               0x080018a9   Thumb Code    28  btod.o(.text)
    _btod_emuld                              0x080018c5   Thumb Code   144  btod.o(.text)
    _btod_ediv                               0x08001955   Thumb Code    26  btod.o(.text)
    _btod_edivd                              0x0800196f   Thumb Code   124  btod.o(.text)
    exit                                     0x080019f5   Thumb Code    16  exit.o(.text)
    __user_libspace                          0x08001a05   Thumb Code     8  libspace.o(.text)
    __user_perproc_libspace                  0x08001a05   Thumb Code     0  libspace.o(.text)
    __user_perthread_libspace                0x08001a05   Thumb Code     0  libspace.o(.text)
    strcmp                                   0x08001a0d   Thumb Code   132  strcmp.o(.text)
    AW_Game_Init                             0x08001a95   Thumb Code    36  aircraftwar.o(.text.AW_Game_Init)
    AW_Player_Get_Coor                       0x08001abd   Thumb Code     8  aw_player.o(.text.AW_Player_Get_Coor)
    AW_Player_Get_Height                     0x08001ac5   Thumb Code     8  aw_player.o(.text.AW_Player_Get_Height)
    AW_Player_Get_Width                      0x08001acd   Thumb Code     8  aw_player.o(.text.AW_Player_Get_Width)
    AW_Player_Init                           0x08001ad5   Thumb Code   124  aw_player.o(.text.AW_Player_Init)
    AW_Player_Move                           0x08001b55   Thumb Code    84  aw_player.o(.text.AW_Player_Move)
    AW_Player_Update                         0x08001ba9   Thumb Code    44  aw_player.o(.text.AW_Player_Update)
    AW_Screen_Refresh                        0x08001c01   Thumb Code    20  aircraftwar.o(.text.AW_Screen_Refresh)
    BT_DataPacket_Rx_Handle                  0x08001cb5   Thumb Code   192  bt.o(.text.BT_DataPacket_Rx_Handle)
    BT_DataPacket_Show_USART1                0x08001d7d   Thumb Code   120  bt_dp.o(.text.BT_DataPacket_Show_USART1)
    BT_Down                                  0x08001e0d   Thumb Code   116  bt_event.o(.text.BT_Down)
    BT_Get_DataPacket_Rx                     0x08001e89   Thumb Code   124  bt_dp.o(.text.BT_Get_DataPacket_Rx)
    BT_Init                                  0x08001f11   Thumb Code    52  bt.o(.text.BT_Init)
    BT_Left                                  0x08001f51   Thumb Code    80  bt_event.o(.text.BT_Left)
    BT_Right                                 0x08001fa9   Thumb Code   120  bt_event.o(.text.BT_Right)
    BT_SetAction                             0x08002025   Thumb Code    12  bt_event.o(.text.BT_SetAction)
    BT_Stop                                  0x08002035   Thumb Code    12  bt_event.o(.text.BT_Stop)
    BT_Up                                    0x08002055   Thumb Code    76  bt_event.o(.text.BT_Up)
    Error_Handler                            0x080020a9   Thumb Code     6  sys.o(.text.Error_Handler)
    HAL_DMA_Abort                            0x080020b1   Thumb Code   192  stm32g0xx_hal_dma.o(.text.HAL_DMA_Abort)
    HAL_DMA_Abort_IT                         0x08002171   Thumb Code   184  stm32g0xx_hal_dma.o(.text.HAL_DMA_Abort_IT)
    HAL_GPIO_Init                            0x0800222d   Thumb Code   688  stm32g0xx_hal_gpio.o(.text.HAL_GPIO_Init)
    HAL_GetTick                              0x080024fd   Thumb Code     8  stm32g0xx_hal.o(.text.HAL_GetTick)
    HAL_IncTick                              0x08002505   Thumb Code    16  stm32g0xx_hal.o(.text.HAL_IncTick)
    HAL_Init                                 0x08002519   Thumb Code    56  stm32g0xx_hal.o(.text.HAL_Init)
    HAL_InitTick                             0x08002551   Thumb Code   120  stm32g0xx_hal.o(.text.HAL_InitTick)
    HAL_MspInit                              0x080025cd   Thumb Code     2  stm32g0xx_hal_msp.o(.text.HAL_MspInit)
    HAL_NVIC_EnableIRQ                       0x080025cf   Thumb Code    22  stm32g0xx_hal_cortex.o(.text.HAL_NVIC_EnableIRQ)
    HAL_NVIC_SetPriority                     0x080025e5   Thumb Code    28  stm32g0xx_hal_cortex.o(.text.HAL_NVIC_SetPriority)
    HAL_PWREx_ControlVoltageScaling          0x08002601   Thumb Code   112  stm32g0xx_hal_pwr_ex.o(.text.HAL_PWREx_ControlVoltageScaling)
    HAL_RCC_ClockConfig                      0x0800267d   Thumb Code   572  stm32g0xx_hal_rcc.o(.text.HAL_RCC_ClockConfig)
    HAL_RCC_GetHCLKFreq                      0x080028d1   Thumb Code     8  stm32g0xx_hal_rcc.o(.text.HAL_RCC_GetHCLKFreq)
    HAL_RCC_GetPCLK1Freq                     0x080028dd   Thumb Code    36  stm32g0xx_hal_rcc.o(.text.HAL_RCC_GetPCLK1Freq)
    HAL_RCC_GetSysClockFreq                  0x08002905   Thumb Code   268  stm32g0xx_hal_rcc.o(.text.HAL_RCC_GetSysClockFreq)
    HAL_RCC_OscConfig                        0x08002a25   Thumb Code  1660  stm32g0xx_hal_rcc.o(.text.HAL_RCC_OscConfig)
    HAL_SYSTICK_CLKSourceConfig              0x080030c9   Thumb Code    40  stm32g0xx_hal_cortex.o(.text.HAL_SYSTICK_CLKSourceConfig)
    HAL_SYSTICK_Config                       0x080030f5   Thumb Code    16  stm32g0xx_hal_cortex.o(.text.HAL_SYSTICK_Config)
    HAL_UARTEx_RxEventCallback               0x08003105   Thumb Code    12  stm32g0xx_hal_uart.o(.text.HAL_UARTEx_RxEventCallback)
    HAL_UARTEx_RxFifoFullCallback            0x08003111   Thumb Code     8  stm32g0xx_hal_uart_ex.o(.text.HAL_UARTEx_RxFifoFullCallback)
    HAL_UARTEx_TxFifoEmptyCallback           0x08003119   Thumb Code     8  stm32g0xx_hal_uart_ex.o(.text.HAL_UARTEx_TxFifoEmptyCallback)
    HAL_UARTEx_WakeupCallback                0x08003121   Thumb Code     8  stm32g0xx_hal_uart_ex.o(.text.HAL_UARTEx_WakeupCallback)
    HAL_UART_ErrorCallback                   0x08003129   Thumb Code     8  stm32g0xx_hal_uart.o(.text.HAL_UART_ErrorCallback)
    HAL_UART_GetState                        0x08003131   Thumb Code    30  stm32g0xx_hal_uart.o(.text.HAL_UART_GetState)
    HAL_UART_IRQHandler                      0x08003151   Thumb Code  1388  stm32g0xx_hal_uart.o(.text.HAL_UART_IRQHandler)
    HAL_UART_Init                            0x080036c5   Thumb Code   180  stm32g0xx_hal_uart.o(.text.HAL_UART_Init)
    HAL_UART_MspInit                         0x08003779   Thumb Code   252  usart.o(.text.HAL_UART_MspInit)
    HAL_UART_Receive_IT                      0x08003885   Thumb Code   232  stm32g0xx_hal_uart.o(.text.HAL_UART_Receive_IT)
    HAL_UART_RxCpltCallback                  0x0800396d   Thumb Code   468  usart.o(.text.HAL_UART_RxCpltCallback)
    HAL_UART_TxCpltCallback                  0x08003b79   Thumb Code     8  stm32g0xx_hal_uart.o(.text.HAL_UART_TxCpltCallback)
    HardFault_Handler                        0x08003b81   Thumb Code     4  stm32g0xx_it.o(.text.HardFault_Handler)
    IIC2_Init                                0x08003b85   Thumb Code    76  iic.o(.text.IIC2_Init)
    IIC_WR_Byte_Cmd                          0x08003cf9   Thumb Code    54  iic.o(.text.IIC_WR_Byte_Cmd)
    IIC_WR_Byte_Dat_Fast                     0x08003d2f   Thumb Code    78  iic.o(.text.IIC_WR_Byte_Dat_Fast)
    LED_Init                                 0x08003e55   Thumb Code    28  led.o(.text.LED_Init)
    NMI_Handler                              0x08003e89   Thumb Code     4  stm32g0xx_it.o(.text.NMI_Handler)
    OLED_Clear                               0x08003e8d   Thumb Code    92  oled.o(.text.OLED_Clear)
    OLED_DrawPoint                           0x08003ee9   Thumb Code   140  oled.o(.text.OLED_DrawPoint)
    OLED_Init                                0x08003f75   Thumb Code   162  oled.o(.text.OLED_Init)
    OLED_Refresh_Gram                        0x08004019   Thumb Code    32  oled.o(.text.OLED_Refresh_Gram)
    OLED_ShowBMP                             0x0800403d   Thumb Code   286  oled.o(.text.OLED_ShowBMP)
    PendSV_Handler                           0x0800418b   Thumb Code     2  stm32g0xx_it.o(.text.PendSV_Handler)
    SVC_Handler                              0x0800418d   Thumb Code     2  stm32g0xx_it.o(.text.SVC_Handler)
    SysTick_Handler                          0x080041e1   Thumb Code     8  stm32g0xx_it.o(.text.SysTick_Handler)
    SystemInit                               0x080041e9   Thumb Code     2  system_stm32g0xx.o(.text.SystemInit)
    UART_AdvFeatureConfig                    0x080041eb   Thumb Code   346  stm32g0xx_hal_uart.o(.text.UART_AdvFeatureConfig)
    UART_CheckIdleState                      0x08004345   Thumb Code   164  stm32g0xx_hal_uart.o(.text.UART_CheckIdleState)
    UART_SetConfig                           0x08004d3d   Thumb Code   692  stm32g0xx_hal_uart.o(.text.UART_SetConfig)
    UART_Start_Receive_IT                    0x0800500d   Thumb Code   536  stm32g0xx_hal_uart.o(.text.UART_Start_Receive_IT)
    UART_WaitOnFlagUntilTimeout              0x08005239   Thumb Code   402  stm32g0xx_hal_uart.o(.text.UART_WaitOnFlagUntilTimeout)
    USART1_IRQHandler                        0x080053cd   Thumb Code   104  usart.o(.text.USART1_IRQHandler)
    USART2_IRQHandler                        0x08005435   Thumb Code   104  usart.o(.text.USART2_IRQHandler)
    _sys_exit                                0x0800554d   Thumb Code     8  usart.o(.text._sys_exit)
    delay_Init                               0x08005555   Thumb Code    32  delay.o(.text.delay_Init)
    fputc                                    0x08005579   Thumb Code    36  usart.o(.text.fputc)
    main                                     0x080055a5   Thumb Code    84  main.o(.text.main)
    sys_stm32_clock_init                     0x080055fd   Thumb Code   108  sys.o(.text.sys_stm32_clock_init)
    uart2_init                               0x08005669   Thumb Code    84  usart.o(.text.uart2_init)
    uart_init                                0x080056cd   Thumb Code    84  usart.o(.text.uart_init)
    __ARM_common_ll_muluu                    0x08005739   Thumb Code    48  btod.o(i.__ARM_common_ll_muluu)
    __ARM_fpclassify                         0x08005769   Thumb Code    40  fpclassify.o(i.__ARM_fpclassify)
    _is_digit                                0x08005795   Thumb Code    14  __printf_wp.o(i._is_digit)
    _get_lc_numeric                          0x080057a5   Thumb Code    44  lc_numeric_c.o(locale$$code)
    _get_lc_ctype                            0x080057d1   Thumb Code    44  lc_ctype_c.o(locale$$code)
    _printf_fp_dec                           0x080057fd   Thumb Code    16  printf1.o(x$fpl$printf1)
    _printf_fp_hex                           0x0800580d   Thumb Code    16  printf2.o(x$fpl$printf2)
    __I$use$fp                               0x0800581c   Number         0  usenofp.o(x$fpl$usenofp)
    AHBPrescTable                            0x08005918   Data          64  system_stm32g0xx.o(.rodata.AHBPrescTable)
    APBPrescTable                            0x08005958   Data          32  system_stm32g0xx.o(.rodata.APBPrescTable)
    AW_BG_Bmp1                               0x08005978   Data        1024  aircraftwar.o(.rodata.AW_BG_Bmp1)
    UARTPrescTable                           0x08005d78   Data          24  stm32g0xx_hal_uart.o(.rodata.UARTPrescTable)
    player_Map1                              0x08005d90   Data           7  aw_player.o(.rodata.player_Map1)
    Region$$Table$$Base                      0x08005f60   Number         0  anon$$obj.o(Region$$Table)
    Region$$Table$$Limit                     0x08005f80   Number         0  anon$$obj.o(Region$$Table)
    __ctype                                  0x08005fa9   Data           0  lc_ctype_c.o(locale$$data)
    __ARM_use_no_argv                        0x20000000   Data           4  main.o(.ARM.use_no_argv)
    SystemCoreClock                          0x2000003c   Data           4  system_stm32g0xx.o(.data.SystemCoreClock)
    uwTickFreq                               0x20000040   Data           1  stm32g0xx_hal.o(.data.uwTickFreq)
    uwTickPrio                               0x20000044   Data           4  stm32g0xx_hal.o(.data.uwTickPrio)
    __libspace_start                         0x20000048   Data          96  libspace.o(.bss)
    AW_SS                                    0x200000a8   Data          12  aircraftwar.o(.bss.AW_SS)
    __temporary_stack_top$libspace           0x200000a8   Data           0  libspace.o(.bss)
    OLED_GRAM                                0x200000bd   Data        1024  oled.o(.bss.OLED_GRAM)
    UART1_Handler                            0x200004c0   Data         144  usart.o(.bss.UART1_Handler)
    UART2_Handler                            0x20000550   Data         144  usart.o(.bss.UART2_Handler)
    USART2_RX_BUF                            0x200005e0   Data         200  usart.o(.bss.USART2_RX_BUF)
    USART2_RX_STA                            0x200006a8   Data           2  usart.o(.bss.USART2_RX_STA)
    USART_RX_BUF                             0x200006aa   Data         200  usart.o(.bss.USART_RX_BUF)
    USART_RX_STA                             0x20000772   Data           2  usart.o(.bss.USART_RX_STA)
    _2RxBuffer                               0x20000774   Data           1  usart.o(.bss._2RxBuffer)
    __stdout                                 0x20000778   Data          84  usart.o(.bss.__stdout)
    aRxBuffer                                0x200007cc   Data           1  usart.o(.bss.aRxBuffer)
    dpr                                      0x200007cd   Data           4  bt_dp.o(.bss.dpr)
    uwTick                                   0x200007f4   Data           4  stm32g0xx_hal.o(.bss.uwTick)



==============================================================================

Memory Map of the image

  Image Entry point : 0x080000c1

  Load Region LR_IROM1 (Base: 0x08000000, Size: 0x000060f8, Max: 0x00008000, ABSOLUTE)

    Execution Region ER_IROM1 (Exec base: 0x08000000, Load base: 0x08000000, Size: 0x000060ac, Max: 0x00008000, ABSOLUTE)

    Exec Addr    Load Addr    Size         Type   Attr      Idx    E Section Name        Object

    0x08000000   0x08000000   0x000000c0   Data   RO            3    RESET               startup_stm32g030xx.o
    0x080000c0   0x080000c0   0x00000008   Code   RO          982  * !!!main             c_p.l(__main.o)
    0x080000c8   0x080000c8   0x0000003c   Code   RO         1370    !!!scatter          c_p.l(__scatter.o)
    0x08000104   0x08000104   0x0000001a   Code   RO         1372    !!handler_copy      c_p.l(__scatter_copy.o)
    0x0800011e   0x0800011e   0x00000002   PAD
    0x08000120   0x08000120   0x0000001c   Code   RO         1374    !!handler_zi        c_p.l(__scatter_zi.o)
    0x0800013c   0x0800013c   0x00000002   Code   RO         1110    .ARM.Collect$$_printf_percent$$00000000  c_p.l(_printf_percent.o)
    0x0800013e   0x0800013e   0x0000000a   Code   RO         1099    .ARM.Collect$$_printf_percent$$00000001  c_p.l(_printf_n.o)
    0x08000148   0x08000148   0x0000000a   Code   RO         1101    .ARM.Collect$$_printf_percent$$00000002  c_p.l(_printf_p.o)
    0x08000152   0x08000152   0x0000000a   Code   RO         1106    .ARM.Collect$$_printf_percent$$00000003  c_p.l(_printf_f.o)
    0x0800015c   0x0800015c   0x0000000a   Code   RO         1107    .ARM.Collect$$_printf_percent$$00000004  c_p.l(_printf_e.o)
    0x08000166   0x08000166   0x0000000a   Code   RO         1108    .ARM.Collect$$_printf_percent$$00000005  c_p.l(_printf_g.o)
    0x08000170   0x08000170   0x0000000a   Code   RO         1109    .ARM.Collect$$_printf_percent$$00000006  c_p.l(_printf_a.o)
    0x0800017a   0x0800017a   0x0000000a   Code   RO         1114    .ARM.Collect$$_printf_percent$$00000007  c_p.l(_printf_ll.o)
    0x08000184   0x08000184   0x0000000a   Code   RO         1103    .ARM.Collect$$_printf_percent$$00000008  c_p.l(_printf_i.o)
    0x0800018e   0x0800018e   0x0000000a   Code   RO         1104    .ARM.Collect$$_printf_percent$$00000009  c_p.l(_printf_d.o)
    0x08000198   0x08000198   0x0000000a   Code   RO         1105    .ARM.Collect$$_printf_percent$$0000000A  c_p.l(_printf_u.o)
    0x080001a2   0x080001a2   0x0000000a   Code   RO         1102    .ARM.Collect$$_printf_percent$$0000000B  c_p.l(_printf_o.o)
    0x080001ac   0x080001ac   0x0000000a   Code   RO         1100    .ARM.Collect$$_printf_percent$$0000000C  c_p.l(_printf_x.o)
    0x080001b6   0x080001b6   0x0000000a   Code   RO         1111    .ARM.Collect$$_printf_percent$$0000000D  c_p.l(_printf_lli.o)
    0x080001c0   0x080001c0   0x0000000a   Code   RO         1112    .ARM.Collect$$_printf_percent$$0000000E  c_p.l(_printf_lld.o)
    0x080001ca   0x080001ca   0x0000000a   Code   RO         1113    .ARM.Collect$$_printf_percent$$0000000F  c_p.l(_printf_llu.o)
    0x080001d4   0x080001d4   0x0000000a   Code   RO         1118    .ARM.Collect$$_printf_percent$$00000010  c_p.l(_printf_llo.o)
    0x080001de   0x080001de   0x0000000a   Code   RO         1119    .ARM.Collect$$_printf_percent$$00000011  c_p.l(_printf_llx.o)
    0x080001e8   0x080001e8   0x0000000a   Code   RO         1115    .ARM.Collect$$_printf_percent$$00000012  c_p.l(_printf_l.o)
    0x080001f2   0x080001f2   0x0000000a   Code   RO         1097    .ARM.Collect$$_printf_percent$$00000013  c_p.l(_printf_c.o)
    0x080001fc   0x080001fc   0x0000000a   Code   RO         1098    .ARM.Collect$$_printf_percent$$00000014  c_p.l(_printf_s.o)
    0x08000206   0x08000206   0x0000000a   Code   RO         1116    .ARM.Collect$$_printf_percent$$00000015  c_p.l(_printf_lc.o)
    0x08000210   0x08000210   0x0000000a   Code   RO         1117    .ARM.Collect$$_printf_percent$$00000016  c_p.l(_printf_ls.o)
    0x0800021a   0x0800021a   0x00000004   Code   RO         1175    .ARM.Collect$$_printf_percent$$00000017  c_p.l(_printf_percent_end.o)
    0x0800021e   0x0800021e   0x00000002   Code   RO         1225    .ARM.Collect$$libinit$$00000000  c_p.l(libinit.o)
    0x08000220   0x08000220   0x00000000   Code   RO         1256    .ARM.Collect$$libinit$$00000002  c_p.l(libinit2.o)
    0x08000220   0x08000220   0x00000000   Code   RO         1258    .ARM.Collect$$libinit$$00000004  c_p.l(libinit2.o)
    0x08000220   0x08000220   0x00000000   Code   RO         1260    .ARM.Collect$$libinit$$00000006  c_p.l(libinit2.o)
    0x08000220   0x08000220   0x00000000   Code   RO         1263    .ARM.Collect$$libinit$$0000000C  c_p.l(libinit2.o)
    0x08000220   0x08000220   0x00000000   Code   RO         1265    .ARM.Collect$$libinit$$0000000E  c_p.l(libinit2.o)
    0x08000220   0x08000220   0x00000000   Code   RO         1267    .ARM.Collect$$libinit$$00000010  c_p.l(libinit2.o)
    0x08000220   0x08000220   0x00000006   Code   RO         1268    .ARM.Collect$$libinit$$00000011  c_p.l(libinit2.o)
    0x08000226   0x08000226   0x00000000   Code   RO         1270    .ARM.Collect$$libinit$$00000013  c_p.l(libinit2.o)
    0x08000226   0x08000226   0x0000000c   Code   RO         1271    .ARM.Collect$$libinit$$00000014  c_p.l(libinit2.o)
    0x08000232   0x08000232   0x00000000   Code   RO         1272    .ARM.Collect$$libinit$$00000015  c_p.l(libinit2.o)
    0x08000232   0x08000232   0x00000000   Code   RO         1274    .ARM.Collect$$libinit$$00000017  c_p.l(libinit2.o)
    0x08000232   0x08000232   0x0000000a   Code   RO         1275    .ARM.Collect$$libinit$$00000018  c_p.l(libinit2.o)
    0x0800023c   0x0800023c   0x00000000   Code   RO         1276    .ARM.Collect$$libinit$$00000019  c_p.l(libinit2.o)
    0x0800023c   0x0800023c   0x00000000   Code   RO         1278    .ARM.Collect$$libinit$$0000001B  c_p.l(libinit2.o)
    0x0800023c   0x0800023c   0x00000000   Code   RO         1280    .ARM.Collect$$libinit$$0000001D  c_p.l(libinit2.o)
    0x0800023c   0x0800023c   0x00000000   Code   RO         1282    .ARM.Collect$$libinit$$0000001F  c_p.l(libinit2.o)
    0x0800023c   0x0800023c   0x00000000   Code   RO         1284    .ARM.Collect$$libinit$$00000021  c_p.l(libinit2.o)
    0x0800023c   0x0800023c   0x00000000   Code   RO         1286    .ARM.Collect$$libinit$$00000023  c_p.l(libinit2.o)
    0x0800023c   0x0800023c   0x00000000   Code   RO         1288    .ARM.Collect$$libinit$$00000025  c_p.l(libinit2.o)
    0x0800023c   0x0800023c   0x00000000   Code   RO         1290    .ARM.Collect$$libinit$$00000027  c_p.l(libinit2.o)
    0x0800023c   0x0800023c   0x00000000   Code   RO         1294    .ARM.Collect$$libinit$$0000002E  c_p.l(libinit2.o)
    0x0800023c   0x0800023c   0x00000000   Code   RO         1296    .ARM.Collect$$libinit$$00000030  c_p.l(libinit2.o)
    0x0800023c   0x0800023c   0x00000000   Code   RO         1298    .ARM.Collect$$libinit$$00000032  c_p.l(libinit2.o)
    0x0800023c   0x0800023c   0x00000000   Code   RO         1300    .ARM.Collect$$libinit$$00000034  c_p.l(libinit2.o)
    0x0800023c   0x0800023c   0x00000002   Code   RO         1301    .ARM.Collect$$libinit$$00000035  c_p.l(libinit2.o)
    0x0800023e   0x0800023e   0x00000002   Code   RO         1329    .ARM.Collect$$libshutdown$$00000000  c_p.l(libshutdown.o)
    0x08000240   0x08000240   0x00000000   Code   RO         1353    .ARM.Collect$$libshutdown$$00000002  c_p.l(libshutdown2.o)
    0x08000240   0x08000240   0x00000000   Code   RO         1355    .ARM.Collect$$libshutdown$$00000004  c_p.l(libshutdown2.o)
    0x08000240   0x08000240   0x00000000   Code   RO         1358    .ARM.Collect$$libshutdown$$00000007  c_p.l(libshutdown2.o)
    0x08000240   0x08000240   0x00000000   Code   RO         1361    .ARM.Collect$$libshutdown$$0000000A  c_p.l(libshutdown2.o)
    0x08000240   0x08000240   0x00000000   Code   RO         1363    .ARM.Collect$$libshutdown$$0000000C  c_p.l(libshutdown2.o)
    0x08000240   0x08000240   0x00000000   Code   RO         1366    .ARM.Collect$$libshutdown$$0000000F  c_p.l(libshutdown2.o)
    0x08000240   0x08000240   0x00000002   Code   RO         1367    .ARM.Collect$$libshutdown$$00000010  c_p.l(libshutdown2.o)
    0x08000242   0x08000242   0x00000000   Code   RO         1026    .ARM.Collect$$rtentry$$00000000  c_p.l(__rtentry.o)
    0x08000242   0x08000242   0x00000000   Code   RO         1142    .ARM.Collect$$rtentry$$00000002  c_p.l(__rtentry2.o)
    0x08000242   0x08000242   0x00000006   Code   RO         1154    .ARM.Collect$$rtentry$$00000004  c_p.l(__rtentry4.o)
    0x08000248   0x08000248   0x00000000   Code   RO         1144    .ARM.Collect$$rtentry$$00000009  c_p.l(__rtentry2.o)
    0x08000248   0x08000248   0x00000004   Code   RO         1145    .ARM.Collect$$rtentry$$0000000A  c_p.l(__rtentry2.o)
    0x0800024c   0x0800024c   0x00000000   Code   RO         1147    .ARM.Collect$$rtentry$$0000000C  c_p.l(__rtentry2.o)
    0x0800024c   0x0800024c   0x00000008   Code   RO         1148    .ARM.Collect$$rtentry$$0000000D  c_p.l(__rtentry2.o)
    0x08000254   0x08000254   0x00000002   Code   RO         1240    .ARM.Collect$$rtexit$$00000000  c_p.l(rtexit.o)
    0x08000256   0x08000256   0x00000000   Code   RO         1305    .ARM.Collect$$rtexit$$00000002  c_p.l(rtexit2.o)
    0x08000256   0x08000256   0x00000004   Code   RO         1306    .ARM.Collect$$rtexit$$00000003  c_p.l(rtexit2.o)
    0x0800025a   0x0800025a   0x00000006   Code   RO         1307    .ARM.Collect$$rtexit$$00000004  c_p.l(rtexit2.o)
    0x08000260   0x08000260   0x00000038   Code   RO            4    .text               startup_stm32g030xx.o
    0x08000298   0x08000298   0x00000002   Code   RO          970    .text               c_p.l(use_no_semi_2.o)
    0x0800029a   0x0800029a   0x00000002   PAD
    0x0800029c   0x0800029c   0x0000001c   Code   RO          972    .text               c_p.l(printf.o)
    0x080002b8   0x080002b8   0x00000040   Code   RO          974    .text               c_p.l(rt_memclr.o)
    0x080002f8   0x080002f8   0x0000016c   Code   RO          976    .text               c_p.l(aeabi_sdiv.o)
    0x08000464   0x08000464   0x00000006   Code   RO          980    .text               c_p.l(heapauxi.o)
    0x0800046a   0x0800046a   0x00000002   Code   RO         1024    .text               c_p.l(use_no_semi.o)
    0x0800046c   0x0800046c   0x0000004e   Code   RO         1033    .text               c_p.l(_printf_pad.o)
    0x080004ba   0x080004ba   0x00000024   Code   RO         1035    .text               c_p.l(_printf_truncate.o)
    0x080004de   0x080004de   0x00000052   Code   RO         1037    .text               c_p.l(_printf_str.o)
    0x08000530   0x08000530   0x0000006c   Code   RO         1039    .text               c_p.l(_printf_dec.o)
    0x0800059c   0x0800059c   0x00000026   Code   RO         1041    .text               c_p.l(_printf_charcount.o)
    0x080005c2   0x080005c2   0x00000002   PAD
    0x080005c4   0x080005c4   0x00000028   Code   RO         1043    .text               c_p.l(_printf_char_file.o)
    0x080005ec   0x080005ec   0x000000bc   Code   RO         1045    .text               c_p.l(_printf_wctomb.o)
    0x080006a8   0x080006a8   0x00000070   Code   RO         1048    .text               c_p.l(_printf_longlong_dec.o)
    0x08000718   0x08000718   0x00000070   Code   RO         1054    .text               c_p.l(_printf_oct_int_ll.o)
    0x08000788   0x08000788   0x00000098   Code   RO         1074    .text               c_p.l(_printf_hex_int_ll_ptr.o)
    0x08000820   0x08000820   0x00000188   Code   RO         1094    .text               c_p.l(__printf_flags_ss_wp.o)
    0x080009a8   0x080009a8   0x0000007a   Code   RO         1158    .text               c_p.l(lludiv10.o)
    0x08000a22   0x08000a22   0x000000b0   Code   RO         1160    .text               c_p.l(_printf_intcommon.o)
    0x08000ad2   0x08000ad2   0x00000002   PAD
    0x08000ad4   0x08000ad4   0x00000414   Code   RO         1162    .text               c_p.l(_printf_fp_dec.o)
    0x08000ee8   0x08000ee8   0x000002d8   Code   RO         1166    .text               c_p.l(_printf_fp_hex.o)
    0x080011c0   0x080011c0   0x00000030   Code   RO         1169    .text               c_p.l(_printf_char_common.o)
    0x080011f0   0x080011f0   0x0000002e   Code   RO         1171    .text               c_p.l(_printf_char.o)
    0x0800121e   0x0800121e   0x0000002e   Code   RO         1173    .text               c_p.l(_printf_wchar.o)
    0x0800124c   0x0800124c   0x00000008   Code   RO         1176    .text               c_p.l(ferror.o)
    0x08001254   0x08001254   0x00000042   Code   RO         1180    .text               c_p.l(_c16rtomb.o)
    0x08001296   0x08001296   0x00000028   Code   RO         1182    .text               c_p.l(rtudiv10.o)
    0x080012be   0x080012be   0x0000003e   Code   RO         1188    .text               c_p.l(sys_stackheap_outer.o)
    0x080012fc   0x080012fc   0x00000010   Code   RO         1191    .text               c_p.l(rt_ctype_table.o)
    0x0800130c   0x0800130c   0x00000008   Code   RO         1196    .text               c_p.l(rt_locale_intlibspace.o)
    0x08001314   0x08001314   0x00000088   Code   RO         1198    .text               c_p.l(_printf_fp_infnan.o)
    0x0800139c   0x0800139c   0x000000d8   Code   RO         1202    .text               c_p.l(bigflt0.o)
    0x08001474   0x08001474   0x00000580   Code   RO         1205    .text               c_p.l(btod.o)
    0x080019f4   0x080019f4   0x00000010   Code   RO         1214    .text               c_p.l(exit.o)
    0x08001a04   0x08001a04   0x00000008   Code   RO         1236    .text               c_p.l(libspace.o)
    0x08001a0c   0x08001a0c   0x00000088   Code   RO         1253    .text               c_p.l(strcmp.o)
    0x08001a94   0x08001a94   0x00000028   Code   RO          930    .text.AW_Game_Init  aircraftwar.o
    0x08001abc   0x08001abc   0x00000008   Code   RO          950    .text.AW_Player_Get_Coor  aw_player.o
    0x08001ac4   0x08001ac4   0x00000008   Code   RO          954    .text.AW_Player_Get_Height  aw_player.o
    0x08001acc   0x08001acc   0x00000008   Code   RO          952    .text.AW_Player_Get_Width  aw_player.o
    0x08001ad4   0x08001ad4   0x00000080   Code   RO          958    .text.AW_Player_Init  aw_player.o
    0x08001b54   0x08001b54   0x00000054   Code   RO          956    .text.AW_Player_Move  aw_player.o
    0x08001ba8   0x08001ba8   0x00000030   Code   RO          948    .text.AW_Player_Update  aw_player.o
    0x08001bd8   0x08001bd8   0x00000028   Code   RO          932    .text.AW_Screen_Infor_Init  aircraftwar.o
    0x08001c00   0x08001c00   0x00000014   Code   RO          936    .text.AW_Screen_Refresh  aircraftwar.o
    0x08001c14   0x08001c14   0x0000002c   Code   RO          934    .text.AW_Screen_Show_BG  aircraftwar.o
    0x08001c40   0x08001c40   0x00000074   Code   RO          792    .text.BT_DataPacket_Rx_Decode  bt.o
    0x08001cb4   0x08001cb4   0x000000c8   Code   RO          790    .text.BT_DataPacket_Rx_Handle  bt.o
    0x08001d7c   0x08001d7c   0x00000090   Code   RO          810    .text.BT_DataPacket_Show_USART1  bt_dp.o
    0x08001e0c   0x08001e0c   0x0000007c   Code   RO          823    .text.BT_Down       bt_event.o
    0x08001e88   0x08001e88   0x00000088   Code   RO          808    .text.BT_Get_DataPacket_Rx  bt_dp.o
    0x08001f10   0x08001f10   0x00000040   Code   RO          794    .text.BT_Init       bt.o
    0x08001f50   0x08001f50   0x00000058   Code   RO          825    .text.BT_Left       bt_event.o
    0x08001fa8   0x08001fa8   0x0000007c   Code   RO          827    .text.BT_Right      bt_event.o
    0x08002024   0x08002024   0x00000010   Code   RO          829    .text.BT_SetAction  bt_event.o
    0x08002034   0x08002034   0x00000010   Code   RO          833    .text.BT_Stop       bt_event.o
    0x08002044   0x08002044   0x00000010   Code   RO          796    .text.BT_USART_Init  bt.o
    0x08002054   0x08002054   0x00000054   Code   RO          821    .text.BT_Up         bt_event.o
    0x080020a8   0x080020a8   0x00000006   Code   RO          707    .text.Error_Handler  sys.o
    0x080020ae   0x080020ae   0x00000002   PAD
    0x080020b0   0x080020b0   0x000000c0   Code   RO          682    .text.HAL_DMA_Abort  stm32g0xx_hal_dma.o
    0x08002170   0x08002170   0x000000bc   Code   RO          684    .text.HAL_DMA_Abort_IT  stm32g0xx_hal_dma.o
    0x0800222c   0x0800222c   0x000002d0   Code   RO          318    .text.HAL_GPIO_Init  stm32g0xx_hal_gpio.o
    0x080024fc   0x080024fc   0x00000008   Code   RO           79    .text.HAL_GetTick   stm32g0xx_hal.o
    0x08002504   0x08002504   0x00000014   Code   RO           77    .text.HAL_IncTick   stm32g0xx_hal.o
    0x08002518   0x08002518   0x00000038   Code   RO           67    .text.HAL_Init      stm32g0xx_hal.o
    0x08002550   0x08002550   0x0000007c   Code   RO           69    .text.HAL_InitTick  stm32g0xx_hal.o
    0x080025cc   0x080025cc   0x00000002   Code   RO           52    .text.HAL_MspInit   stm32g0xx_hal_msp.o
    0x080025ce   0x080025ce   0x00000016   Code   RO          139    .text.HAL_NVIC_EnableIRQ  stm32g0xx_hal_cortex.o
    0x080025e4   0x080025e4   0x0000001c   Code   RO          135    .text.HAL_NVIC_SetPriority  stm32g0xx_hal_cortex.o
    0x08002600   0x08002600   0x0000007c   Code   RO          247    .text.HAL_PWREx_ControlVoltageScaling  stm32g0xx_hal_pwr_ex.o
    0x0800267c   0x0800267c   0x00000254   Code   RO          264    .text.HAL_RCC_ClockConfig  stm32g0xx_hal_rcc.o
    0x080028d0   0x080028d0   0x0000000c   Code   RO          270    .text.HAL_RCC_GetHCLKFreq  stm32g0xx_hal_rcc.o
    0x080028dc   0x080028dc   0x00000028   Code   RO          272    .text.HAL_RCC_GetPCLK1Freq  stm32g0xx_hal_rcc.o
    0x08002904   0x08002904   0x00000120   Code   RO          266    .text.HAL_RCC_GetSysClockFreq  stm32g0xx_hal_rcc.o
    0x08002a24   0x08002a24   0x000006a4   Code   RO          262    .text.HAL_RCC_OscConfig  stm32g0xx_hal_rcc.o
    0x080030c8   0x080030c8   0x0000002c   Code   RO          171    .text.HAL_SYSTICK_CLKSourceConfig  stm32g0xx_hal_cortex.o
    0x080030f4   0x080030f4   0x00000010   Code   RO          151    .text.HAL_SYSTICK_Config  stm32g0xx_hal_cortex.o
    0x08003104   0x08003104   0x0000000c   Code   RO          437    .text.HAL_UARTEx_RxEventCallback  stm32g0xx_hal_uart.o
    0x08003110   0x08003110   0x00000008   Code   RO          495    .text.HAL_UARTEx_RxFifoFullCallback  stm32g0xx_hal_uart_ex.o
    0x08003118   0x08003118   0x00000008   Code   RO          497    .text.HAL_UARTEx_TxFifoEmptyCallback  stm32g0xx_hal_uart_ex.o
    0x08003120   0x08003120   0x00000008   Code   RO          493    .text.HAL_UARTEx_WakeupCallback  stm32g0xx_hal_uart_ex.o
    0x08003128   0x08003128   0x00000008   Code   RO          435    .text.HAL_UART_ErrorCallback  stm32g0xx_hal_uart.o
    0x08003130   0x08003130   0x0000001e   Code   RO          467    .text.HAL_UART_GetState  stm32g0xx_hal_uart.o
    0x0800314e   0x0800314e   0x00000002   PAD
    0x08003150   0x08003150   0x00000574   Code   RO          431    .text.HAL_UART_IRQHandler  stm32g0xx_hal_uart.o
    0x080036c4   0x080036c4   0x000000b4   Code   RO          343    .text.HAL_UART_Init  stm32g0xx_hal_uart.o
    0x08003778   0x08003778   0x0000010c   Code   RO          754    .text.HAL_UART_MspInit  usart.o
    0x08003884   0x08003884   0x000000e8   Code   RO          379    .text.HAL_UART_Receive_IT  stm32g0xx_hal_uart.o
    0x0800396c   0x0800396c   0x0000020c   Code   RO          752    .text.HAL_UART_RxCpltCallback  usart.o
    0x08003b78   0x08003b78   0x00000008   Code   RO          441    .text.HAL_UART_TxCpltCallback  stm32g0xx_hal_uart.o
    0x08003b80   0x08003b80   0x00000004   Code   RO           23    .text.HardFault_Handler  stm32g0xx_it.o
    0x08003b84   0x08003b84   0x00000050   Code   RO          843    .text.IIC2_Init     iic.o
    0x08003bd4   0x08003bd4   0x0000009c   Code   RO          849    .text.IIC_Send_Byte  iic.o
    0x08003c70   0x08003c70   0x00000044   Code   RO          847    .text.IIC_Start     iic.o
    0x08003cb4   0x08003cb4   0x00000044   Code   RO          853    .text.IIC_Stop      iic.o
    0x08003cf8   0x08003cf8   0x00000036   Code   RO          857    .text.IIC_WR_Byte_Cmd  iic.o
    0x08003d2e   0x08003d2e   0x0000004e   Code   RO          861    .text.IIC_WR_Byte_Dat_Fast  iic.o
    0x08003d7c   0x08003d7c   0x00000088   Code   RO          851    .text.IIC_Wait_Ack  iic.o
    0x08003e04   0x08003e04   0x00000050   Code   RO          777    .text.LED_GPIO_Config  led.o
    0x08003e54   0x08003e54   0x00000024   Code   RO          775    .text.LED_Init      led.o
    0x08003e78   0x08003e78   0x00000010   Code   RO          274    .text.LL_RCC_GetAPB1Prescaler  stm32g0xx_hal_rcc.o
    0x08003e88   0x08003e88   0x00000004   Code   RO           21    .text.NMI_Handler   stm32g0xx_it.o
    0x08003e8c   0x08003e8c   0x0000005c   Code   RO          886    .text.OLED_Clear    oled.o
    0x08003ee8   0x08003ee8   0x0000008c   Code   RO          888    .text.OLED_DrawPoint  oled.o
    0x08003f74   0x08003f74   0x000000a2   Code   RO          916    .text.OLED_Init     oled.o
    0x08004016   0x08004016   0x00000002   PAD
    0x08004018   0x08004018   0x00000024   Code   RO          876    .text.OLED_Refresh_Gram  oled.o
    0x0800403c   0x0800403c   0x0000011e   Code   RO          904    .text.OLED_ShowBMP  oled.o
    0x0800415a   0x0800415a   0x00000014   Code   RO          878    .text.OLED_WR_Byte_Cmd  oled.o
    0x0800416e   0x0800416e   0x0000001c   Code   RO          880    .text.OLED_WR_Byte_Dat_Fast  oled.o
    0x0800418a   0x0800418a   0x00000002   Code   RO           27    .text.PendSV_Handler  stm32g0xx_it.o
    0x0800418c   0x0800418c   0x00000002   Code   RO           25    .text.SVC_Handler   stm32g0xx_it.o
    0x0800418e   0x0800418e   0x00000002   PAD
    0x08004190   0x08004190   0x00000050   Code   RO          153    .text.SysTick_Config  stm32g0xx_hal_cortex.o
    0x080041e0   0x080041e0   0x00000008   Code   RO           29    .text.SysTick_Handler  stm32g0xx_it.o
    0x080041e8   0x080041e8   0x00000002   Code   RO           38    .text.SystemInit    system_stm32g0xx.o
    0x080041ea   0x080041ea   0x0000015a   Code   RO          349    .text.UART_AdvFeatureConfig  stm32g0xx_hal_uart.o
    0x08004344   0x08004344   0x000000a8   Code   RO          351    .text.UART_CheckIdleState  stm32g0xx_hal_uart.o
    0x080043ec   0x080043ec   0x00000024   Code   RO          433    .text.UART_DMAAbortOnError  stm32g0xx_hal_uart.o
    0x08004410   0x08004410   0x000000b8   Code   RO          403    .text.UART_EndRxTransfer  stm32g0xx_hal_uart.o
    0x080044c8   0x080044c8   0x0000004c   Code   RO          439    .text.UART_EndTransmit_IT  stm32g0xx_hal_uart.o
    0x08004514   0x08004514   0x00000140   Code   RO          475    .text.UART_RxISR_16BIT  stm32g0xx_hal_uart.o
    0x08004654   0x08004654   0x000002d8   Code   RO          471    .text.UART_RxISR_16BIT_FIFOEN  stm32g0xx_hal_uart.o
    0x0800492c   0x0800492c   0x0000013c   Code   RO          477    .text.UART_RxISR_8BIT  stm32g0xx_hal_uart.o
    0x08004a68   0x08004a68   0x000002d4   Code   RO          473    .text.UART_RxISR_8BIT_FIFOEN  stm32g0xx_hal_uart.o
    0x08004d3c   0x08004d3c   0x000002d0   Code   RO          347    .text.UART_SetConfig  stm32g0xx_hal_uart.o
    0x0800500c   0x0800500c   0x0000022c   Code   RO          381    .text.UART_Start_Receive_IT  stm32g0xx_hal_uart.o
    0x08005238   0x08005238   0x00000192   Code   RO          365    .text.UART_WaitOnFlagUntilTimeout  stm32g0xx_hal_uart.o
    0x080053ca   0x080053ca   0x00000002   PAD
    0x080053cc   0x080053cc   0x00000068   Code   RO          746    .text.USART1_IRQHandler  usart.o
    0x08005434   0x08005434   0x00000068   Code   RO          750    .text.USART2_IRQHandler  usart.o
    0x0800549c   0x0800549c   0x0000002c   Code   RO          141    .text.__NVIC_EnableIRQ  stm32g0xx_hal_cortex.o
    0x080054c8   0x080054c8   0x00000084   Code   RO          137    .text.__NVIC_SetPriority  stm32g0xx_hal_cortex.o
    0x0800554c   0x0800554c   0x00000008   Code   RO          738    .text._sys_exit     usart.o
    0x08005554   0x08005554   0x00000024   Code   RO          726    .text.delay_Init    delay.o
    0x08005578   0x08005578   0x0000002c   Code   RO          742    .text.fputc         usart.o
    0x080055a4   0x080055a4   0x00000058   Code   RO           11    .text.main          main.o
    0x080055fc   0x080055fc   0x0000006c   Code   RO          705    .text.sys_stm32_clock_init  sys.o
    0x08005668   0x08005668   0x00000064   Code   RO          748    .text.uart2_init    usart.o
    0x080056cc   0x080056cc   0x0000006c   Code   RO          744    .text.uart_init     usart.o
    0x08005738   0x08005738   0x00000030   Code   RO         1207    i.__ARM_common_ll_muluu  c_p.l(btod.o)
    0x08005768   0x08005768   0x0000002c   Code   RO         1234    i.__ARM_fpclassify  m_ps.l(fpclassify.o)
    0x08005794   0x08005794   0x0000000e   Code   RO         1087    i._is_digit         c_p.l(__printf_wp.o)
    0x080057a2   0x080057a2   0x00000002   PAD
    0x080057a4   0x080057a4   0x0000002c   Code   RO         1212    locale$$code        c_p.l(lc_numeric_c.o)
    0x080057d0   0x080057d0   0x0000002c   Code   RO         1247    locale$$code        c_p.l(lc_ctype_c.o)
    0x080057fc   0x080057fc   0x00000010   Code   RO         1132    x$fpl$printf1       fz_ps.l(printf1.o)
    0x0800580c   0x0800580c   0x00000010   Code   RO         1134    x$fpl$printf2       fz_ps.l(printf2.o)
    0x0800581c   0x0800581c   0x00000000   Code   RO         1140    x$fpl$usenofp       fz_ps.l(usenofp.o)
    0x0800581c   0x0800581c   0x00000008   Data   RO         1046    .constdata          c_p.l(_printf_wctomb.o)
    0x08005824   0x08005824   0x00000028   Data   RO         1075    .constdata          c_p.l(_printf_hex_int_ll_ptr.o)
    0x0800584c   0x0800584c   0x00000011   Data   RO         1095    .constdata          c_p.l(__printf_flags_ss_wp.o)
    0x0800585d   0x0800585d   0x00000026   Data   RO         1167    .constdata          c_p.l(_printf_fp_hex.o)
    0x08005883   0x08005883   0x00000001   PAD
    0x08005884   0x08005884   0x00000094   Data   RO         1203    .constdata          c_p.l(bigflt0.o)
    0x08005918   0x08005918   0x00000040   Data   RO           43    .rodata.AHBPrescTable  system_stm32g0xx.o
    0x08005958   0x08005958   0x00000020   Data   RO           44    .rodata.APBPrescTable  system_stm32g0xx.o
    0x08005978   0x08005978   0x00000400   Data   RO          938    .rodata.AW_BG_Bmp1  aircraftwar.o
    0x08005d78   0x08005d78   0x00000018   Data   RO          483    .rodata.UARTPrescTable  stm32g0xx_hal_uart.o
    0x08005d90   0x08005d90   0x00000007   Data   RO          960    .rodata.player_Map1  aw_player.o
    0x08005d97   0x08005d97   0x000000c0   Data   RO          759    .rodata.str1.1      usart.o
    0x08005e57   0x08005e57   0x0000004e   Data   RO          798    .rodata.str1.1      bt.o
    0x08005ea5   0x08005ea5   0x00000079   Data   RO          813    .rodata.str1.1      bt_dp.o
    0x08005f1e   0x08005f1e   0x00000040   Data   RO          835    .rodata.str1.1      bt_event.o
    0x08005f5e   0x08005f5e   0x00000002   PAD
    0x08005f60   0x08005f60   0x00000020   Data   RO         1369    Region$$Table       anon$$obj.o
    0x08005f80   0x08005f80   0x0000001c   Data   RO         1211    locale$$data        c_p.l(lc_numeric_c.o)
    0x08005f9c   0x08005f9c   0x00000110   Data   RO         1246    locale$$data        c_p.l(lc_ctype_c.o)


    Execution Region RW_IRAM1 (Exec base: 0x20000000, Load base: 0x080060b0, Size: 0x00000df8, Max: 0x00002000, ABSOLUTE)

    Exec Addr    Load Addr    Size         Type   Attr      Idx    E Section Name        Object

    0x20000000   0x080060b0   0x00000004   Data   RW           14    .ARM.use_no_argv    main.o
    0x20000004   0x080060b4   0x00000038   Data   RW          799    .data.BT_StateTable  bt.o
    0x2000003c   0x080060ec   0x00000004   Data   RW           42    .data.SystemCoreClock  system_stm32g0xx.o
    0x20000040   0x080060f0   0x00000001   Data   RW          126    .data.uwTickFreq    stm32g0xx_hal.o
    0x20000041   0x080060f1   0x00000003   PAD
    0x20000044   0x080060f4   0x00000004   Data   RW          125    .data.uwTickPrio    stm32g0xx_hal.o
    0x20000048        -       0x00000060   Zero   RW         1237    .bss                c_p.l(libspace.o)
    0x200000a8        -       0x0000000c   Zero   RW          939    .bss.AW_SS          aircraftwar.o
    0x200000b4        -       0x00000007   Zero   RW          800    .bss.BT_DataPacket_Rx_Decode.event  bt.o
    0x200000bb        -       0x00000001   Zero   RW          764    .bss.HAL_UART_RxCpltCallback.car_DataPacket_Rx_Flag  usart.o
    0x200000bc        -       0x00000001   Zero   RW          763    .bss.HAL_UART_RxCpltCallback.errTimes  usart.o
    0x200000bd        -       0x00000400   Zero   RW          922    .bss.OLED_GRAM      oled.o
    0x200004bd   0x080060f8   0x00000003   PAD
    0x200004c0        -       0x00000090   Zero   RW          757    .bss.UART1_Handler  usart.o
    0x20000550        -       0x00000090   Zero   RW          761    .bss.UART2_Handler  usart.o
    0x200005e0        -       0x000000c8   Zero   RW          766    .bss.USART2_RX_BUF  usart.o
    0x200006a8        -       0x00000002   Zero   RW          760    .bss.USART2_RX_STA  usart.o
    0x200006aa        -       0x000000c8   Zero   RW          765    .bss.USART_RX_BUF   usart.o
    0x20000772        -       0x00000002   Zero   RW          756    .bss.USART_RX_STA   usart.o
    0x20000774        -       0x00000001   Zero   RW          762    .bss._2RxBuffer     usart.o
    0x20000775   0x080060f8   0x00000003   PAD
    0x20000778        -       0x00000054   Zero   RW          767    .bss.__stdout       usart.o
    0x200007cc        -       0x00000001   Zero   RW          758    .bss.aRxBuffer      usart.o
    0x200007cd        -       0x00000004   Zero   RW          812    .bss.dpr            bt_dp.o
    0x200007d1   0x080060f8   0x00000003   PAD
    0x200007d4        -       0x00000004   Zero   RW          728    .bss.fac_us         delay.o
    0x200007d8        -       0x0000001c   Zero   RW          961    .bss.player         aw_player.o
    0x200007f4        -       0x00000004   Zero   RW          127    .bss.uwTick         stm32g0xx_hal.o
    0x200007f8        -       0x00000200   Zero   RW            2    HEAP                startup_stm32g030xx.o
    0x200009f8        -       0x00000400   Zero   RW            1    STACK               startup_stm32g030xx.o


==============================================================================

Image component sizes


      Code (inc. data)   RO Data    RW Data    ZI Data      Debug   Object Name

       144          8       1024          0         12       1416   aircraftwar.o
       284          8          7          0         28       1909   aw_player.o
       396         24         78         56          7       2444   bt.o
       280         36        121          0          4       1454   bt_dp.o
       452         36         64          0          0       1721   bt_event.o
        36          4          0          0          4       1453   delay.o
       640         12          0          0          0       4115   iic.o
       116         12          0          0          0       2783   led.o
        88          4          0          4          0        677   main.o
       764          4          0          0       1024       8934   oled.o
        56         26        192          0       1536        680   startup_stm32g030xx.o
       208          8          0          5          4       6403   stm32g0xx_hal.o
       366         28          0          0          0       6032   stm32g0xx_hal_cortex.o
       380          4          0          0          0       7291   stm32g0xx_hal_dma.o
       720         32          0          0          0       4366   stm32g0xx_hal_gpio.o
         2          0          0          0          0        644   stm32g0xx_hal_msp.o
       124         12          0          0          0       3944   stm32g0xx_hal_pwr_ex.o
      2652        124          0          0          0       8837   stm32g0xx_hal_rcc.o
      6442        180         24          0          0      40145   stm32g0xx_hal_uart.o
        24          0          0          0          0       9530   stm32g0xx_hal_uart_ex.o
        20          0          0          0          0        721   stm32g0xx_it.o
       114          0          0          0          0       1901   sys.o
         2          0         96          4          0       1857   system_stm32g0xx.o
      1260        120        192          0        780       8056   usart.o

    ----------------------------------------------------------------------
     15580        682       1832         72       3408     127313   Object Totals
         0          0         32          0          0          0   (incl. Generated)
        10          0          2          3          9          0   (incl. Padding)

    ----------------------------------------------------------------------

      Code (inc. data)   RO Data    RW Data    ZI Data      Debug   Library Member Name

         8          0          0          0          0         68   __main.o
       392          6         17          0          0         76   __printf_flags_ss_wp.o
        14          0          0          0          0         60   __printf_wp.o
         0          0          0          0          0          0   __rtentry.o
        12          0          0          0          0          0   __rtentry2.o
         6          0          0          0          0          0   __rtentry4.o
        60          8          0          0          0          0   __scatter.o
        26          0          0          0          0          0   __scatter_copy.o
        28          0          0          0          0          0   __scatter_zi.o
        66          0          0          0          0         76   _c16rtomb.o
        10          0          0          0          0          0   _printf_a.o
        10          0          0          0          0          0   _printf_c.o
        46          0          0          0          0        100   _printf_char.o
        48          6          0          0          0         88   _printf_char_common.o
        40          6          0          0          0         72   _printf_char_file.o
        38          0          0          0          0         60   _printf_charcount.o
        10          0          0          0          0          0   _printf_d.o
       108         18          0          0          0         76   _printf_dec.o
        10          0          0          0          0          0   _printf_e.o
        10          0          0          0          0          0   _printf_f.o
      1044         12          0          0          0        116   _printf_fp_dec.o
       728         10         38          0          0         84   _printf_fp_hex.o
       136         16          0          0          0         76   _printf_fp_infnan.o
        10          0          0          0          0          0   _printf_g.o
       152          4         40          0          0        148   _printf_hex_int_ll_ptr.o
        10          0          0          0          0          0   _printf_i.o
       176          0          0          0          0         84   _printf_intcommon.o
        10          0          0          0          0          0   _printf_l.o
        10          0          0          0          0          0   _printf_lc.o
        10          0          0          0          0          0   _printf_ll.o
        10          0          0          0          0          0   _printf_lld.o
        10          0          0          0          0          0   _printf_lli.o
        10          0          0          0          0          0   _printf_llo.o
        10          0          0          0          0          0   _printf_llu.o
        10          0          0          0          0          0   _printf_llx.o
       112         18          0          0          0         76   _printf_longlong_dec.o
        10          0          0          0          0          0   _printf_ls.o
        10          0          0          0          0          0   _printf_n.o
        10          0          0          0          0          0   _printf_o.o
       112         10          0          0          0        112   _printf_oct_int_ll.o
        10          0          0          0          0          0   _printf_p.o
        78          0          0          0          0        100   _printf_pad.o
         2          0          0          0          0          0   _printf_percent.o
         4          0          0          0          0          0   _printf_percent_end.o
        10          0          0          0          0          0   _printf_s.o
        82          0          0          0          0         72   _printf_str.o
        36          0          0          0          0         76   _printf_truncate.o
        10          0          0          0          0          0   _printf_u.o
        46          0          0          0          0        100   _printf_wchar.o
       188          6          8          0          0         80   _printf_wctomb.o
        10          0          0          0          0          0   _printf_x.o
       364          4          0          0          0         92   aeabi_sdiv.o
       216          6        148          0          0         80   bigflt0.o
      1456         30          0          0          0        336   btod.o
        16          0          0          0          0         68   exit.o
         8          0          0          0          0         60   ferror.o
         6          0          0          0          0        136   heapauxi.o
        44         10        272          0          0         76   lc_ctype_c.o
        44         10         28          0          0         76   lc_numeric_c.o
         2          0          0          0          0          0   libinit.o
        30          0          0          0          0          0   libinit2.o
         2          0          0          0          0          0   libshutdown.o
         2          0          0          0          0          0   libshutdown2.o
         8          4          0          0         96         68   libspace.o
       122          0          0          0          0         72   lludiv10.o
        28          6          0          0          0         84   printf.o
        16          4          0          0          0         76   rt_ctype_table.o
         8          4          0          0          0         68   rt_locale_intlibspace.o
        64          0          0          0          0        108   rt_memclr.o
         2          0          0          0          0          0   rtexit.o
        10          0          0          0          0          0   rtexit2.o
        40          0          0          0          0         60   rtudiv10.o
       136          4          0          0          0         72   strcmp.o
        62          0          0          0          0         80   sys_stackheap_outer.o
         2          0          0          0          0         68   use_no_semi.o
         2          0          0          0          0         68   use_no_semi_2.o
        16          4          0          0          0         76   printf1.o
        16          4          0          0          0         76   printf2.o
         0          0          0          0          0          0   usenofp.o
        44          4          0          0          0         60   fpclassify.o

    ----------------------------------------------------------------------
      6784        214        552          0         96       3760   Library Totals
        10          0          1          0          0          0   (incl. Padding)

    ----------------------------------------------------------------------

      Code (inc. data)   RO Data    RW Data    ZI Data      Debug   Library Name

      6698        202        551          0         96       3548   c_p.l
        32          8          0          0          0        152   fz_ps.l
        44          4          0          0          0         60   m_ps.l

    ----------------------------------------------------------------------
      6784        214        552          0         96       3760   Library Totals

    ----------------------------------------------------------------------

==============================================================================


      Code (inc. data)   RO Data    RW Data    ZI Data      Debug   

     22364        896       2384         72       3504     128849   Grand Totals
     22364        896       2384         72       3504     128849   ELF Image Totals
     22364        896       2384         72          0          0   ROM Totals

==============================================================================

    Total RO  Size (Code + RO Data)                24748 (  24.17kB)
    Total RW  Size (RW Data + ZI Data)              3576 (   3.49kB)
    Total ROM Size (Code + RO Data + RW Data)      24820 (  24.24kB)

==============================================================================

